// Jest Snapshot v1, https://goo.gl/fbAQLP

exports[`ValidationTag to match snapshot 1`] = `
<DocumentFragment>
  <div
    class="css-15wlom5"
  >
    <svg
      aria-hidden="true"
      class="MuiSvgIcon-root MuiSvgIcon-fontSizeMedium css-1x37pyy-MuiSvgIcon-root"
      data-testid="success-icon"
      focusable="false"
      viewBox="0 0 24 24"
    >
      <path
        d="M9 16.17 4.83 12l-1.42 1.41L9 19 21 7l-1.41-1.41z"
      />
    </svg>
      
    <svg
      aria-hidden="true"
      class="MuiSvgIcon-root MuiSvgIcon-fontSizeMedium css-1x37pyy-MuiSvgIcon-root"
      data-mui-internal-clone-element="true"
      data-testid="info-icon"
      focusable="false"
      viewBox="0 0 24 24"
    >
      <path
        d="M11 7h2v2h-2zm0 4h2v6h-2zm1-9C6.48 2 2 6.48 2 12s4.48 10 10 10 10-4.48 10-10S17.52 2 12 2m0 18c-4.41 0-8-3.59-8-8s3.59-8 8-8 8 3.59 8 8-3.59 8-8 8"
      />
    </svg>
  </div>
</DocumentFragment>
`;
