// Jest Snapshot v1, https://goo.gl/fbAQLP

exports[`BackOfficeTable Component renders BackOfficeTable component 1`] = `
<div>
  <div
    class="MuiTableContainer-root css-x226ax-MuiTableContainer-root"
  >
    <table
      class="MuiTable-root css-rqglhn-MuiTable-root"
    >
      <thead
        class="MuiTableHead-root css-kgizm6-MuiTableHead-root"
      >
        <tr
          class="MuiTableRow-root MuiTableRow-head css-1q1u3t4-MuiTableRow-root"
        >
          <th
            class="MuiTableCell-root MuiTableCell-head MuiTableCell-sizeMedium css-sqchu1-MuiTableCell-root"
            scope="col"
          >
            <div
              class="MuiBox-root css-vvn7zl"
            >
              <p
                class="MuiTypography-root MuiTypography-body1 css-16bvtzy-MuiTypography-root"
              >
                Product Name
              </p>
            </div>
          </th>
          <th
            class="MuiTableCell-root MuiTableCell-head MuiTableCell-sizeMedium css-sqchu1-MuiTableCell-root"
            scope="col"
          >
            <div
              class="MuiBox-root css-vvn7zl"
            >
              <p
                class="MuiTypography-root MuiTypography-body1 css-16bvtzy-MuiTypography-root"
              >
                Status
              </p>
            </div>
          </th>
          <th
            class="MuiTableCell-root MuiTableCell-head MuiTableCell-sizeMedium css-sqchu1-MuiTableCell-root"
            scope="col"
          >
            <div
              class="MuiBox-root css-vvn7zl"
            >
              <p
                class="MuiTypography-root MuiTypography-body1 css-16bvtzy-MuiTypography-root"
              >
                Date Added
              </p>
            </div>
          </th>
          <th
            class="MuiTableCell-root MuiTableCell-head MuiTableCell-sizeMedium css-sqchu1-MuiTableCell-root"
            scope="col"
          />
        </tr>
      </thead>
      <tbody
        class="MuiTableBody-root css-apqrd9-MuiTableBody-root"
      >
        <tr
          class="MuiTableRow-root css-1iw7pp4-MuiTableRow-root"
          data-testid="table-row"
        >
          <td
            class="MuiTableCell-root MuiTableCell-body MuiTableCell-sizeMedium css-1rx8l8b-MuiTableCell-root"
          >
            Product A
          </td>
          <td
            class="MuiTableCell-root MuiTableCell-body MuiTableCell-sizeMedium css-1rx8l8b-MuiTableCell-root"
          >
            <div
              class="MuiStack-root css-kdc3n8-MuiStack-root"
            >
              <p
                class="MuiTypography-root MuiTypography-body1 css-16bvtzy-MuiTypography-root"
              >
                Closed
              </p>
              <span
                class="MuiSwitch-root MuiSwitch-sizeMedium css-12lw3wk-MuiSwitch-root"
              >
                <span
                  aria-checked="false"
                  aria-label="Switch"
                  class="MuiButtonBase-root MuiSwitch-switchBase MuiSwitch-colorPrimary PrivateSwitchBase-root MuiSwitch-switchBase MuiSwitch-colorPrimary css-byenzh-MuiButtonBase-root-MuiSwitch-switchBase"
                >
                  <input
                    class="PrivateSwitchBase-input MuiSwitch-input css-1m9pwf3"
                    type="checkbox"
                  />
                  <span
                    class="MuiSwitch-thumb css-jsexje-MuiSwitch-thumb"
                  />
                  <span
                    class="MuiTouchRipple-root css-8je8zh-MuiTouchRipple-root"
                  />
                </span>
                <span
                  class="MuiSwitch-track css-1yjjitx-MuiSwitch-track"
                />
              </span>
            </div>
          </td>
          <td
            class="MuiTableCell-root MuiTableCell-body MuiTableCell-sizeMedium css-1rx8l8b-MuiTableCell-root"
          >
            2024-01-01
          </td>
          <td
            class="MuiTableCell-root MuiTableCell-body MuiTableCell-sizeMedium css-1rx8l8b-MuiTableCell-root"
          >
            <div
              class="MuiBox-root css-1i27l4i"
            >
              <button
                class="MuiButtonBase-root MuiButton-root MuiButton-text MuiButton-textPrimary MuiButton-sizeMedium MuiButton-textSizeMedium MuiButton-colorPrimary MuiButton-root MuiButton-text MuiButton-textPrimary MuiButton-sizeMedium MuiButton-textSizeMedium MuiButton-colorPrimary css-1392aty-MuiButtonBase-root-MuiButton-root"
                tabindex="0"
                type="button"
              >
                <svg
                  aria-hidden="true"
                  aria-label="Pen"
                  class="MuiSvgIcon-root MuiSvgIcon-fontSizeMedium css-xd6d0k-MuiSvgIcon-root"
                  focusable="false"
                  role="img"
                  viewBox="0 0 12 12"
                >
                  <svg>
                    EditIcon.svg
                  </svg>
                </svg>
                Edit
                <span
                  class="MuiTouchRipple-root css-8je8zh-MuiTouchRipple-root"
                />
              </button>
              <button
                class="MuiButtonBase-root MuiButton-root MuiButton-text MuiButton-textPrimary MuiButton-sizeMedium MuiButton-textSizeMedium MuiButton-colorPrimary MuiButton-root MuiButton-text MuiButton-textPrimary MuiButton-sizeMedium MuiButton-textSizeMedium MuiButton-colorPrimary css-16wp21h-MuiButtonBase-root-MuiButton-root"
                tabindex="0"
                type="button"
              >
                <svg
                  aria-hidden="true"
                  aria-label="Trash"
                  class="MuiSvgIcon-root MuiSvgIcon-fontSizeMedium css-1yvhv58-MuiSvgIcon-root"
                  focusable="false"
                  role="img"
                  viewBox="0 0 12 12"
                >
                  <svg>
                    TrashIcon.svg
                  </svg>
                </svg>
                Delete
                <span
                  class="MuiTouchRipple-root css-8je8zh-MuiTouchRipple-root"
                />
              </button>
            </div>
          </td>
        </tr>
        <tr
          class="MuiTableRow-root css-1iw7pp4-MuiTableRow-root"
          data-testid="table-row"
        >
          <td
            class="MuiTableCell-root MuiTableCell-body MuiTableCell-sizeMedium css-1rx8l8b-MuiTableCell-root"
          >
            Product B
          </td>
          <td
            class="MuiTableCell-root MuiTableCell-body MuiTableCell-sizeMedium css-1rx8l8b-MuiTableCell-root"
          >
            <div
              class="MuiStack-root css-kdc3n8-MuiStack-root"
            >
              <p
                class="MuiTypography-root MuiTypography-body1 css-16bvtzy-MuiTypography-root"
              >
                Closed
              </p>
              <span
                class="MuiSwitch-root MuiSwitch-sizeMedium css-12lw3wk-MuiSwitch-root"
              >
                <span
                  aria-checked="false"
                  aria-label="Switch"
                  class="MuiButtonBase-root MuiSwitch-switchBase MuiSwitch-colorPrimary PrivateSwitchBase-root MuiSwitch-switchBase MuiSwitch-colorPrimary css-byenzh-MuiButtonBase-root-MuiSwitch-switchBase"
                >
                  <input
                    class="PrivateSwitchBase-input MuiSwitch-input css-1m9pwf3"
                    type="checkbox"
                  />
                  <span
                    class="MuiSwitch-thumb css-jsexje-MuiSwitch-thumb"
                  />
                  <span
                    class="MuiTouchRipple-root css-8je8zh-MuiTouchRipple-root"
                  />
                </span>
                <span
                  class="MuiSwitch-track css-1yjjitx-MuiSwitch-track"
                />
              </span>
            </div>
          </td>
          <td
            class="MuiTableCell-root MuiTableCell-body MuiTableCell-sizeMedium css-1rx8l8b-MuiTableCell-root"
          >
            2024-02-01
          </td>
          <td
            class="MuiTableCell-root MuiTableCell-body MuiTableCell-sizeMedium css-1rx8l8b-MuiTableCell-root"
          >
            <div
              class="MuiBox-root css-1i27l4i"
            >
              <button
                class="MuiButtonBase-root MuiButton-root MuiButton-text MuiButton-textPrimary MuiButton-sizeMedium MuiButton-textSizeMedium MuiButton-colorPrimary MuiButton-root MuiButton-text MuiButton-textPrimary MuiButton-sizeMedium MuiButton-textSizeMedium MuiButton-colorPrimary css-1392aty-MuiButtonBase-root-MuiButton-root"
                tabindex="0"
                type="button"
              >
                <svg
                  aria-hidden="true"
                  aria-label="Pen"
                  class="MuiSvgIcon-root MuiSvgIcon-fontSizeMedium css-xd6d0k-MuiSvgIcon-root"
                  focusable="false"
                  role="img"
                  viewBox="0 0 12 12"
                >
                  <svg>
                    EditIcon.svg
                  </svg>
                </svg>
                Edit
                <span
                  class="MuiTouchRipple-root css-8je8zh-MuiTouchRipple-root"
                />
              </button>
              <button
                class="MuiButtonBase-root MuiButton-root MuiButton-text MuiButton-textPrimary MuiButton-sizeMedium MuiButton-textSizeMedium MuiButton-colorPrimary MuiButton-root MuiButton-text MuiButton-textPrimary MuiButton-sizeMedium MuiButton-textSizeMedium MuiButton-colorPrimary css-16wp21h-MuiButtonBase-root-MuiButton-root"
                tabindex="0"
                type="button"
              >
                <svg
                  aria-hidden="true"
                  aria-label="Trash"
                  class="MuiSvgIcon-root MuiSvgIcon-fontSizeMedium css-1yvhv58-MuiSvgIcon-root"
                  focusable="false"
                  role="img"
                  viewBox="0 0 12 12"
                >
                  <svg>
                    TrashIcon.svg
                  </svg>
                </svg>
                Delete
                <span
                  class="MuiTouchRipple-root css-8je8zh-MuiTouchRipple-root"
                />
              </button>
            </div>
          </td>
        </tr>
      </tbody>
    </table>
    <div
      class="MuiBox-root css-tj50lq"
      data-testid="main-container"
    >
      <div
        class="MuiBox-root css-69mwjq"
      >
        <p
          class="MuiTypography-root MuiTypography-body1 css-6kkdj7-MuiTypography-root"
        >
          Items per page
        </p>
        <div
          class="MuiInputBase-root MuiOutlinedInput-root MuiInputBase-colorPrimary MuiInputBase-sizeSmall css-wyfja0-MuiInputBase-root-MuiOutlinedInput-root-MuiSelect-root"
          data-testid="count-select"
        >
          <div
            aria-controls=":r0:"
            aria-expanded="false"
            aria-haspopup="listbox"
            class="MuiSelect-select MuiSelect-outlined MuiInputBase-input MuiOutlinedInput-input MuiInputBase-inputSizeSmall css-jedpe8-MuiSelect-select-MuiInputBase-input-MuiOutlinedInput-input"
            role="combobox"
            tabindex="0"
          >
            <p
              class="MuiTypography-root MuiTypography-body1 css-6kkdj7-MuiTypography-root"
            >
              10
            </p>
          </div>
          <input
            aria-hidden="true"
            aria-invalid="false"
            class="MuiSelect-nativeInput css-yf8vq0-MuiSelect-nativeInput"
            tabindex="-1"
            value="10"
          />
          <svg
            aria-hidden="true"
            class="MuiSvgIcon-root MuiSvgIcon-fontSizeMedium MuiSelect-icon MuiSelect-iconOutlined css-hfutr2-MuiSvgIcon-root-MuiSelect-icon"
            data-testid="KeyboardArrowDownIcon"
            focusable="false"
            viewBox="0 0 24 24"
          >
            <path
              d="M7.41 8.59 12 13.17l4.59-4.58L18 10l-6 6-6-6z"
            />
          </svg>
          <fieldset
            aria-hidden="true"
            class="MuiOutlinedInput-notchedOutline css-1d3z3hw-MuiOutlinedInput-notchedOutline"
          >
            <legend
              class="css-ihdtdm"
            >
              <span
                class="notranslate"
              >
                ​
              </span>
            </legend>
          </fieldset>
        </div>
        <p
          class="MuiTypography-root MuiTypography-body1 css-6kkdj7-MuiTypography-root"
        >
          1 - 2 of 2 items
        </p>
      </div>
      <div
        class="MuiBox-root css-aabovo"
        data-testid="pagination-actions"
      >
        <div
          class="MuiBox-root css-wxfvax"
        >
          <button
            class="MuiButtonBase-root MuiIconButton-root MuiIconButton-sizeMedium css-x5rw2m-MuiButtonBase-root-MuiIconButton-root"
            tabindex="0"
            type="button"
          >
            <svg
              aria-hidden="true"
              class="MuiSvgIcon-root MuiSvgIcon-fontSizeMedium css-14fiv90-MuiSvgIcon-root"
              data-testid="FirstPageRoundedIcon"
              focusable="false"
              viewBox="0 0 24 24"
            >
              <path
                d="M17.7 15.89 13.82 12l3.89-3.89c.39-.39.39-1.02 0-1.41a.9959.9959 0 0 0-1.41 0l-4.59 4.59c-.39.39-.39 1.02 0 1.41l4.59 4.59c.39.39 1.02.39 1.41 0 .38-.38.38-1.02-.01-1.4M7 6c.55 0 1 .45 1 1v10c0 .55-.45 1-1 1s-1-.45-1-1V7c0-.55.45-1 1-1"
              />
            </svg>
            <span
              class="MuiTouchRipple-root css-8je8zh-MuiTouchRipple-root"
            />
          </button>
          <button
            class="MuiButtonBase-root MuiIconButton-root MuiIconButton-sizeMedium css-78trlr-MuiButtonBase-root-MuiIconButton-root"
            tabindex="0"
            type="button"
          >
            <svg
              aria-hidden="true"
              class="MuiSvgIcon-root MuiSvgIcon-fontSizeMedium css-14fiv90-MuiSvgIcon-root"
              data-testid="KeyboardArrowLeftRoundedIcon"
              focusable="false"
              viewBox="0 0 24 24"
            >
              <path
                d="M14.71 15.88 10.83 12l3.88-3.88c.39-.39.39-1.02 0-1.41a.9959.9959 0 0 0-1.41 0L8.71 11.3c-.39.39-.39 1.02 0 1.41l4.59 4.59c.39.39 1.02.39 1.41 0 .38-.39.39-1.03 0-1.42"
              />
            </svg>
            <span
              class="MuiTouchRipple-root css-8je8zh-MuiTouchRipple-root"
            />
          </button>
          <p
            class="MuiTypography-root MuiTypography-body1 css-1s40ryi-MuiTypography-root"
          >
            Previous
          </p>
        </div>
        <div
          class="MuiBox-root css-1bc9qkb"
        >
          <div
            class="MuiBox-root css-v3ih39"
            data-testid="current-page"
          >
            <p
              class="MuiTypography-root MuiTypography-body1 css-6kkdj7-MuiTypography-root"
            >
              2
            </p>
          </div>
          <p
            class="MuiTypography-root MuiTypography-body1 css-6kkdj7-MuiTypography-root"
          >
            of 
            1
          </p>
        </div>
        <div
          class="MuiBox-root css-wxfvax"
        >
          <p
            class="MuiTypography-root MuiTypography-body1 css-1vinusq-MuiTypography-root"
          >
            Next
          </p>
          <button
            class="MuiButtonBase-root Mui-disabled MuiIconButton-root Mui-disabled MuiIconButton-sizeMedium css-78trlr-MuiButtonBase-root-MuiIconButton-root"
            disabled=""
            tabindex="-1"
            type="button"
          >
            <svg
              aria-hidden="true"
              class="MuiSvgIcon-root MuiSvgIcon-fontSizeMedium css-utp5fs-MuiSvgIcon-root"
              data-testid="KeyboardArrowRightRoundedIcon"
              focusable="false"
              viewBox="0 0 24 24"
            >
              <path
                d="M9.29 15.88 13.17 12 9.29 8.12a.9959.9959 0 0 1 0-1.41c.39-.39 1.02-.39 1.41 0l4.59 4.59c.39.39.39 1.02 0 1.41L10.7 17.3c-.39.39-1.02.39-1.41 0-.38-.39-.39-1.03 0-1.42"
              />
            </svg>
          </button>
          <button
            class="MuiButtonBase-root Mui-disabled MuiIconButton-root Mui-disabled MuiIconButton-sizeMedium css-1hzwo8z-MuiButtonBase-root-MuiIconButton-root"
            disabled=""
            tabindex="-1"
            type="button"
          >
            <svg
              aria-hidden="true"
              class="MuiSvgIcon-root MuiSvgIcon-fontSizeMedium css-utp5fs-MuiSvgIcon-root"
              data-testid="LastPageRoundedIcon"
              focusable="false"
              viewBox="0 0 24 24"
            >
              <path
                d="M6.29 8.11 10.18 12l-3.89 3.89c-.39.39-.39 1.02 0 1.41.39.39 1.02.39 1.41 0l4.59-4.59c.39-.39.39-1.02 0-1.41L7.7 6.7a.9959.9959 0 0 0-1.41 0c-.38.39-.38 1.03 0 1.41M17 6c.55 0 1 .45 1 1v10c0 .55-.45 1-1 1s-1-.45-1-1V7c0-.55.45-1 1-1"
              />
            </svg>
          </button>
        </div>
      </div>
    </div>
  </div>
</div>
`;
