// Jest Snapshot v1, https://goo.gl/fbAQLP

exports[`BackOfficeTable Component renders BackOfficeTable component 1`] = `
<div>
  <div
    class="MuiTableContainer-root css-1al9ami-MuiTableContainer-root"
  >
    <table
      class="MuiTable-root css-rqglhn-MuiTable-root"
    >
      <thead
        class="MuiTableHead-root css-kgizm6-MuiTableHead-root"
      >
        <tr
          class="MuiTableRow-root MuiTableRow-head css-1q1u3t4-MuiTableRow-root"
        >
          <th
            class="MuiTableCell-root MuiTableCell-head MuiTableCell-sizeMedium css-sqchu1-MuiTableCell-root"
            scope="col"
          >
            <div
              class="MuiBox-root css-axw7ok"
            >
              <p
                class="MuiTypography-root MuiTypography-body1 css-16bvtzy-MuiTypography-root"
              >
                Product Name
              </p>
              <svg
                aria-hidden="true"
                class="MuiSvgIcon-root MuiSvgIcon-fontSizeMedium css-ja98u0-MuiSvgIcon-root"
                focusable="false"
                viewBox="0 0 10 18"
              >
                <svg>
                  TableFilterIcon.svg
                </svg>
              </svg>
            </div>
          </th>
          <th
            class="MuiTableCell-root MuiTableCell-head MuiTableCell-sizeMedium css-sqchu1-MuiTableCell-root"
            scope="col"
          >
            <div
              class="MuiBox-root css-axw7ok"
            >
              <p
                class="MuiTypography-root MuiTypography-body1 css-16bvtzy-MuiTypography-root"
              >
                Status
              </p>
              <svg
                aria-hidden="true"
                class="MuiSvgIcon-root MuiSvgIcon-fontSizeMedium css-ja98u0-MuiSvgIcon-root"
                focusable="false"
                viewBox="0 0 10 18"
              >
                <svg>
                  TableFilterIcon.svg
                </svg>
              </svg>
            </div>
          </th>
          <th
            class="MuiTableCell-root MuiTableCell-head MuiTableCell-sizeMedium css-sqchu1-MuiTableCell-root"
            scope="col"
          >
            <div
              class="MuiBox-root css-axw7ok"
            >
              <p
                class="MuiTypography-root MuiTypography-body1 css-16bvtzy-MuiTypography-root"
              >
                Date Added
              </p>
              <svg
                aria-hidden="true"
                class="MuiSvgIcon-root MuiSvgIcon-fontSizeMedium css-ja98u0-MuiSvgIcon-root"
                focusable="false"
                viewBox="0 0 10 18"
              >
                <svg>
                  TableFilterIcon.svg
                </svg>
              </svg>
            </div>
          </th>
          <th
            class="MuiTableCell-root MuiTableCell-head MuiTableCell-sizeMedium css-sqchu1-MuiTableCell-root"
            scope="col"
          />
        </tr>
      </thead>
      <tbody
        class="MuiTableBody-root css-apqrd9-MuiTableBody-root"
      >
        <tr
          class="MuiTableRow-root css-1iw7pp4-MuiTableRow-root"
        >
          <td
            class="MuiTableCell-root MuiTableCell-body MuiTableCell-sizeMedium css-1rx8l8b-MuiTableCell-root"
          >
            Product A
          </td>
          <td
            class="MuiTableCell-root MuiTableCell-body MuiTableCell-sizeMedium css-1rx8l8b-MuiTableCell-root"
          >
            <div
              class="MuiStack-root css-kdc3n8-MuiStack-root"
            >
              <p
                class="MuiTypography-root MuiTypography-body1 css-12i77ga-MuiTypography-root"
              >
                Closed
              </p>
              <span
                class="MuiSwitch-root MuiSwitch-sizeMedium css-12lw3wk-MuiSwitch-root"
              >
                <span
                  class="MuiButtonBase-root MuiSwitch-switchBase MuiSwitch-colorPrimary PrivateSwitchBase-root MuiSwitch-switchBase MuiSwitch-colorPrimary css-byenzh-MuiButtonBase-root-MuiSwitch-switchBase"
                >
                  <input
                    class="PrivateSwitchBase-input MuiSwitch-input css-1m9pwf3"
                    type="checkbox"
                  />
                  <span
                    class="MuiSwitch-thumb css-jsexje-MuiSwitch-thumb"
                  />
                  <span
                    class="MuiTouchRipple-root css-8je8zh-MuiTouchRipple-root"
                  />
                </span>
                <span
                  class="MuiSwitch-track css-1yjjitx-MuiSwitch-track"
                />
              </span>
            </div>
          </td>
          <td
            class="MuiTableCell-root MuiTableCell-body MuiTableCell-sizeMedium css-1rx8l8b-MuiTableCell-root"
          >
            2024-01-01
          </td>
          <td
            class="MuiTableCell-root MuiTableCell-body MuiTableCell-sizeMedium css-1rx8l8b-MuiTableCell-root"
          >
            <div
              class="MuiBox-root css-1i27l4i"
            >
              <button
                class="MuiButtonBase-root MuiButton-root MuiButton-text MuiButton-textPrimary MuiButton-sizeMedium MuiButton-textSizeMedium MuiButton-colorPrimary MuiButton-root MuiButton-text MuiButton-textPrimary MuiButton-sizeMedium MuiButton-textSizeMedium MuiButton-colorPrimary css-1392aty-MuiButtonBase-root-MuiButton-root"
                tabindex="0"
                type="button"
              >
                <svg
                  aria-hidden="true"
                  class="MuiSvgIcon-root MuiSvgIcon-fontSizeMedium css-1q69bqw-MuiSvgIcon-root"
                  focusable="false"
                  viewBox="0 0 12 12"
                >
                  <svg>
                    EditIcon.svg
                  </svg>
                </svg>
                LastResortDeposit.edit
                <span
                  class="MuiTouchRipple-root css-8je8zh-MuiTouchRipple-root"
                />
              </button>
              <button
                class="MuiButtonBase-root MuiButton-root MuiButton-text MuiButton-textPrimary MuiButton-sizeMedium MuiButton-textSizeMedium MuiButton-colorPrimary MuiButton-root MuiButton-text MuiButton-textPrimary MuiButton-sizeMedium MuiButton-textSizeMedium MuiButton-colorPrimary css-16wp21h-MuiButtonBase-root-MuiButton-root"
                tabindex="0"
                type="button"
              >
                <svg
                  aria-hidden="true"
                  class="MuiSvgIcon-root MuiSvgIcon-fontSizeMedium css-xd6d0k-MuiSvgIcon-root"
                  focusable="false"
                  viewBox="0 0 12 12"
                >
                  <svg>
                    TrashIcon.svg
                  </svg>
                </svg>
                LastResortDeposit.delete
                <span
                  class="MuiTouchRipple-root css-8je8zh-MuiTouchRipple-root"
                />
              </button>
            </div>
          </td>
        </tr>
        <tr
          class="MuiTableRow-root css-1iw7pp4-MuiTableRow-root"
        >
          <td
            class="MuiTableCell-root MuiTableCell-body MuiTableCell-sizeMedium css-1rx8l8b-MuiTableCell-root"
          >
            Product B
          </td>
          <td
            class="MuiTableCell-root MuiTableCell-body MuiTableCell-sizeMedium css-1rx8l8b-MuiTableCell-root"
          >
            <div
              class="MuiStack-root css-kdc3n8-MuiStack-root"
            >
              <p
                class="MuiTypography-root MuiTypography-body1 css-12i77ga-MuiTypography-root"
              >
                Closed
              </p>
              <span
                class="MuiSwitch-root MuiSwitch-sizeMedium css-12lw3wk-MuiSwitch-root"
              >
                <span
                  class="MuiButtonBase-root MuiSwitch-switchBase MuiSwitch-colorPrimary PrivateSwitchBase-root MuiSwitch-switchBase MuiSwitch-colorPrimary css-byenzh-MuiButtonBase-root-MuiSwitch-switchBase"
                >
                  <input
                    class="PrivateSwitchBase-input MuiSwitch-input css-1m9pwf3"
                    type="checkbox"
                  />
                  <span
                    class="MuiSwitch-thumb css-jsexje-MuiSwitch-thumb"
                  />
                  <span
                    class="MuiTouchRipple-root css-8je8zh-MuiTouchRipple-root"
                  />
                </span>
                <span
                  class="MuiSwitch-track css-1yjjitx-MuiSwitch-track"
                />
              </span>
            </div>
          </td>
          <td
            class="MuiTableCell-root MuiTableCell-body MuiTableCell-sizeMedium css-1rx8l8b-MuiTableCell-root"
          >
            2024-02-01
          </td>
          <td
            class="MuiTableCell-root MuiTableCell-body MuiTableCell-sizeMedium css-1rx8l8b-MuiTableCell-root"
          >
            <div
              class="MuiBox-root css-1i27l4i"
            >
              <button
                class="MuiButtonBase-root MuiButton-root MuiButton-text MuiButton-textPrimary MuiButton-sizeMedium MuiButton-textSizeMedium MuiButton-colorPrimary MuiButton-root MuiButton-text MuiButton-textPrimary MuiButton-sizeMedium MuiButton-textSizeMedium MuiButton-colorPrimary css-1392aty-MuiButtonBase-root-MuiButton-root"
                tabindex="0"
                type="button"
              >
                <svg
                  aria-hidden="true"
                  class="MuiSvgIcon-root MuiSvgIcon-fontSizeMedium css-1q69bqw-MuiSvgIcon-root"
                  focusable="false"
                  viewBox="0 0 12 12"
                >
                  <svg>
                    EditIcon.svg
                  </svg>
                </svg>
                LastResortDeposit.edit
                <span
                  class="MuiTouchRipple-root css-8je8zh-MuiTouchRipple-root"
                />
              </button>
              <button
                class="MuiButtonBase-root MuiButton-root MuiButton-text MuiButton-textPrimary MuiButton-sizeMedium MuiButton-textSizeMedium MuiButton-colorPrimary MuiButton-root MuiButton-text MuiButton-textPrimary MuiButton-sizeMedium MuiButton-textSizeMedium MuiButton-colorPrimary css-16wp21h-MuiButtonBase-root-MuiButton-root"
                tabindex="0"
                type="button"
              >
                <svg
                  aria-hidden="true"
                  class="MuiSvgIcon-root MuiSvgIcon-fontSizeMedium css-xd6d0k-MuiSvgIcon-root"
                  focusable="false"
                  viewBox="0 0 12 12"
                >
                  <svg>
                    TrashIcon.svg
                  </svg>
                </svg>
                LastResortDeposit.delete
                <span
                  class="MuiTouchRipple-root css-8je8zh-MuiTouchRipple-root"
                />
              </button>
            </div>
          </td>
        </tr>
        <tr
          class="MuiTableRow-root css-165jajx-MuiTableRow-root"
        />
        <tr
          class="MuiTableRow-root css-165jajx-MuiTableRow-root"
        />
        <tr
          class="MuiTableRow-root css-165jajx-MuiTableRow-root"
        />
        <tr
          class="MuiTableRow-root css-165jajx-MuiTableRow-root"
        />
        <tr
          class="MuiTableRow-root css-165jajx-MuiTableRow-root"
        />
        <tr
          class="MuiTableRow-root css-165jajx-MuiTableRow-root"
        />
        <tr
          class="MuiTableRow-root css-165jajx-MuiTableRow-root"
        />
        <tr
          class="MuiTableRow-root css-165jajx-MuiTableRow-root"
        />
      </tbody>
    </table>
    <div
      class="MuiBox-root css-tj50lq"
    >
      <div
        class="MuiBox-root css-axw7ok"
      >
        <p
          class="MuiTypography-root MuiTypography-body1 css-6kkdj7-MuiTypography-root"
        >
          Items per page
        </p>
        <div
          class="MuiInputBase-root MuiOutlinedInput-root MuiInputBase-colorPrimary MuiInputBase-sizeSmall css-ntsdmc-MuiInputBase-root-MuiOutlinedInput-root-MuiSelect-root"
        >
          <div
            aria-controls=":r0:"
            aria-expanded="false"
            aria-haspopup="listbox"
            class="MuiSelect-select MuiSelect-outlined MuiInputBase-input MuiOutlinedInput-input MuiInputBase-inputSizeSmall css-jedpe8-MuiSelect-select-MuiInputBase-input-MuiOutlinedInput-input"
            role="combobox"
            tabindex="0"
          >
            <p
              class="MuiTypography-root MuiTypography-body1 css-6kkdj7-MuiTypography-root"
            >
              10
            </p>
          </div>
          <input
            aria-hidden="true"
            aria-invalid="false"
            class="MuiSelect-nativeInput css-yf8vq0-MuiSelect-nativeInput"
            tabindex="-1"
            value="10"
          />
          <svg
            aria-hidden="true"
            class="MuiSvgIcon-root MuiSvgIcon-fontSizeMedium MuiSelect-icon MuiSelect-iconOutlined css-hfutr2-MuiSvgIcon-root-MuiSelect-icon"
            data-testid="ArrowDropDownIcon"
            focusable="false"
            viewBox="0 0 24 24"
          >
            <path
              d="M7 10l5 5 5-5z"
            />
          </svg>
          <fieldset
            aria-hidden="true"
            class="MuiOutlinedInput-notchedOutline css-1d3z3hw-MuiOutlinedInput-notchedOutline"
          >
            <legend
              class="css-ihdtdm"
            >
              <span
                class="notranslate"
              >
                ​
              </span>
            </legend>
          </fieldset>
        </div>
        <p
          class="MuiTypography-root MuiTypography-body1 css-6kkdj7-MuiTypography-root"
        >
          11
           - 
          2
           
          of 
          2
           items
        </p>
      </div>
      <div
        class="MuiBox-root css-k5rr6j"
      >
        <div
          class="MuiBox-root css-70qvj9"
        >
          <button
            class="MuiButtonBase-root MuiIconButton-root MuiIconButton-sizeMedium css-78trlr-MuiButtonBase-root-MuiIconButton-root"
            tabindex="0"
            type="button"
          >
            <svg
              aria-hidden="true"
              class="MuiSvgIcon-root MuiSvgIcon-fontSizeMedium css-14fiv90-MuiSvgIcon-root"
              focusable="false"
              viewBox="0 0 16 20"
            >
              <svg>
                LeftArrowEnd.svg
              </svg>
            </svg>
            <span
              class="MuiTouchRipple-root css-8je8zh-MuiTouchRipple-root"
            />
          </button>
          <button
            class="MuiButtonBase-root MuiIconButton-root MuiIconButton-sizeMedium css-78trlr-MuiButtonBase-root-MuiIconButton-root"
            tabindex="0"
            type="button"
          >
            <svg
              aria-hidden="true"
              class="MuiSvgIcon-root MuiSvgIcon-fontSizeMedium css-14fiv90-MuiSvgIcon-root"
              focusable="false"
              viewBox="0 0 12 20"
            >
              <svg>
                LeftArrow.svg
              </svg>
            </svg>
            <span
              class="MuiTouchRipple-root css-8je8zh-MuiTouchRipple-root"
            />
          </button>
          <p
            class="MuiTypography-root MuiTypography-body1 css-1s40ryi-MuiTypography-root"
          >
            Previous
          </p>
        </div>
        <div
          class="MuiBox-root css-axw7ok"
        >
          <div
            class="MuiBox-root css-v3ih39"
          >
            <p
              class="MuiTypography-root MuiTypography-body1 css-6kkdj7-MuiTypography-root"
            >
              2
            </p>
          </div>
          <p
            class="MuiTypography-root MuiTypography-body1 css-6kkdj7-MuiTypography-root"
          >
            of 
            1
          </p>
        </div>
        <div
          class="MuiBox-root css-70qvj9"
        >
          <p
            class="MuiTypography-root MuiTypography-body1 css-nb8uog-MuiTypography-root"
          >
            Next
          </p>
          <button
            class="MuiButtonBase-root Mui-disabled MuiIconButton-root Mui-disabled MuiIconButton-sizeMedium css-78trlr-MuiButtonBase-root-MuiIconButton-root"
            disabled=""
            tabindex="-1"
            type="button"
          >
            <svg
              aria-hidden="true"
              class="MuiSvgIcon-root MuiSvgIcon-fontSizeMedium css-1io3t8g-MuiSvgIcon-root"
              focusable="false"
              viewBox="0 0 12 20"
            >
              <svg>
                RightArrow.svg
              </svg>
            </svg>
          </button>
          <button
            class="MuiButtonBase-root Mui-disabled MuiIconButton-root Mui-disabled MuiIconButton-sizeMedium css-78trlr-MuiButtonBase-root-MuiIconButton-root"
            disabled=""
            tabindex="-1"
            type="button"
          >
            <svg
              aria-hidden="true"
              class="MuiSvgIcon-root MuiSvgIcon-fontSizeMedium css-1io3t8g-MuiSvgIcon-root"
              focusable="false"
              viewBox="0 0 24 24"
            >
              <svg>
                RightArrowEnd.svg
              </svg>
            </svg>
          </button>
        </div>
      </div>
    </div>
  </div>
</div>
`;
