// Jest Snapshot v1, https://goo.gl/fbAQLP

exports[`BackOfficeSidebar matches snapshot 1`] = `
<DocumentFragment>
  <div
    class="MuiBox-root css-9us84d"
  >
    <div
      class="MuiBox-root css-95a6nz"
      data-testid="logo"
    >
      <span
        aria-hidden="true"
        class="material-icons notranslate MuiIcon-root MuiIcon-fontSizeMedium css-1w86u6e-MuiIcon-root"
      >
        <svg
          height="100%"
          width="100%"
        >
          LogoWhite.svg
        </svg>
      </span>
      <p
        class="MuiTypography-root MuiTypography-body1 css-qfsiut-MuiTypography-root"
      >
        Millennium Bank
      </p>
    </div>
    <div
      class="MuiBox-root css-6r2fzw"
    >
      <div
        class="MuiBox-root css-197vxcd"
      >
        <p
          class="MuiTypography-root MuiTypography-body1 css-11yndm1-MuiTypography-root"
        >
          Products
        </p>
        <div
          class="MuiBox-root css-g77exw"
        >
          <div
            data-testid="BackOfficeNavigationLink"
          >
            <svg
              data-testid="PlusIcon"
            />
            <span>
              Create New Product
            </span>
          </div>
          <div
            data-testid="BackOfficeNavigationLink"
          >
            <svg
              data-testid="WalletIcon"
            />
            <span>
              View All Products
            </span>
          </div>
        </div>
      </div>
      <div
        class="MuiBox-root css-197vxcd"
      >
        <p
          class="MuiTypography-root MuiTypography-body1 css-11yndm1-MuiTypography-root"
        >
          Employees
        </p>
        <div
          class="MuiBox-root css-g77exw"
        >
          <div
            data-testid="BackOfficeNavigationLink"
          >
            <svg
              data-testid="PlusIcon"
            />
            <span>
              Add New Employee
            </span>
          </div>
          <div
            data-testid="BackOfficeNavigationLink"
          >
            <svg
              data-testid="ViewEmployeesIcon"
            />
            <span>
              View All Employees
            </span>
          </div>
        </div>
      </div>
      <div
        class="MuiBox-root css-197vxcd"
      >
        <p
          class="MuiTypography-root MuiTypography-body1 css-11yndm1-MuiTypography-root"
        >
          Clients
        </p>
        <div
          class="MuiBox-root css-g77exw"
        >
          <div
            data-testid="BackOfficeNavigationLink"
          >
            <svg
              data-testid="PlusIcon"
            />
            <span>
              Add a New Client
            </span>
          </div>
          <div
            data-testid="BackOfficeNavigationLink"
          >
            <svg
              data-testid="ViewClientsIcon"
            />
            <span>
              View All Clients
            </span>
          </div>
        </div>
      </div>
    </div>
    <div
      class="MuiBox-root css-xine5j"
    >
      <button
        data-testid="SettingsButton"
      >
        Settings
      </button>
      <button
        data-testid="LogoutButton"
      >
        Logout
      </button>
    </div>
  </div>
</DocumentFragment>
`;
