// Jest Snapshot v1, https://goo.gl/fbAQLP

exports[`MyTransactions matches snapshot 1`] = `
<DocumentFragment>
  <div
    class="MuiTabs-root css-ciyvsh-MuiTabs-root"
    data-testid="my-transactions"
  >
    <div
      class="MuiTabs-scroller MuiTabs-fixed css-jpln7h-MuiTabs-scroller"
      style="overflow: hidden; margin-bottom: 0px;"
    >
      <div
        class="MuiTabs-flexContainer css-heg063-MuiTabs-flexContainer"
        role="tablist"
      >
        <button
          aria-controls="tabpanel-0"
          aria-selected="true"
          class="MuiButtonBase-root MuiTab-root MuiTab-textColorPrimary MuiTab-fullWidth Mui-selected css-dhmsak-MuiButtonBase-root-MuiTab-root"
          id="tab-0"
          role="tab"
          tabindex="0"
          type="button"
        >
          myTransactions.all
          <span
            class="MuiTouchRipple-root css-8je8zh-MuiTouchRipple-root"
          />
        </button>
        <button
          aria-controls="tabpanel-1"
          aria-selected="false"
          class="MuiButtonBase-root MuiTab-root MuiTab-textColorPrimary MuiTab-fullWidth css-dhmsak-MuiButtonBase-root-MuiTab-root"
          id="tab-1"
          role="tab"
          tabindex="-1"
          type="button"
        >
          myTransactions.income
          <span
            class="MuiTouchRipple-root css-8je8zh-MuiTouchRipple-root"
          />
        </button>
        <button
          aria-controls="tabpanel-2"
          aria-selected="false"
          class="MuiButtonBase-root MuiTab-root MuiTab-textColorPrimary MuiTab-fullWidth css-dhmsak-MuiButtonBase-root-MuiTab-root"
          id="tab-2"
          role="tab"
          tabindex="-1"
          type="button"
        >
          myTransactions.expenses
          <span
            class="MuiTouchRipple-root css-8je8zh-MuiTouchRipple-root"
          />
        </button>
      </div>
      <span
        class="MuiTabs-indicator css-1aquho2-MuiTabs-indicator"
        style="left: 0px; width: 0px;"
      />
    </div>
  </div>
  <div
    aria-labelledby="tab-0"
    id="tabpanel-0"
    role="tabpanel"
  >
    <div
      data-testid="transactions"
    >
      [{"id":1,"amount":100}]
    </div>
  </div>
  <div
    aria-labelledby="tab-1"
    hidden=""
    id="tabpanel-1"
    role="tabpanel"
  />
  <div
    aria-labelledby="tab-2"
    hidden=""
    id="tabpanel-2"
    role="tabpanel"
  />
</DocumentFragment>
`;
