// Jest Snapshot v1, https://goo.gl/fbAQLP

exports[`BackOfficeConfirmationWindow matches snapshot 1`] = `
<DocumentFragment>
  <div
    class="MuiBox-root css-1o0wvyj"
  >
    <div
      class="MuiBox-root css-gojse6"
    >
      <div
        class="MuiBox-root css-j2ly44"
      >
        <div
          data-testid="success-icon"
        />
      </div>
      <div
        class="MuiBox-root css-0"
      >
        <p
          class="MuiTypography-root MuiTypography-body1 css-13y3qc6-MuiTypography-root"
          data-testid="confirmation-title"
        />
        <p
          class="MuiTypography-root MuiTypography-body1 css-6zo98n-MuiTypography-root"
          data-testid="secondary-text"
        />
      </div>
    </div>
    <svg
      aria-hidden="true"
      class="MuiSvgIcon-root MuiSvgIcon-fontSizeMedium css-i4bv87-MuiSvgIcon-root"
      focusable="false"
      viewBox="0 0 24 24"
    >
      <svg
        data-testid="close-button"
        style="cursor: pointer;"
      >
        CloseIcon.svg
      </svg>
    </svg>
  </div>
</DocumentFragment>
`;
