// Jest Snapshot v1, https://goo.gl/fbAQLP

exports[`BackOfficeConfirmationWindow matches snapshot 1`] = `
<DocumentFragment>
  <div
    class="MuiBox-root css-18j8xpb"
  >
    <div
      class="MuiBox-root css-bi4toy"
    >
      <div
        class="MuiBox-root css-j2ly44"
      >
        <div
          data-testid="success-icon"
        />
      </div>
      <div
        class="MuiBox-root css-1b6n4o1"
      >
        <div
          class="MuiBox-root css-0"
        >
          <p
            class="MuiTypography-root MuiTypography-body1 css-13y3qc6-MuiTypography-root"
            data-testid="confirmation-title"
          />
          <p
            class="MuiTypography-root MuiTypography-body1 css-6zo98n-MuiTypography-root"
            data-testid="secondary-text"
          />
        </div>
      </div>
    </div>
    <svg
      aria-hidden="true"
      aria-label="label.close"
      class="MuiSvgIcon-root MuiSvgIcon-fontSizeMedium css-lw08pq-MuiSvgIcon-root"
      focusable="false"
      role="button"
      viewBox="0 0 24 24"
    >
      <svg
        data-testid="close-button"
      >
        CloseIcon.svg
      </svg>
    </svg>
  </div>
</DocumentFragment>
`;
