// Jest Snapshot v1, https://goo.gl/fbAQLP

exports[`BackOfficeConfirmationWindow matches snapshot 1`] = `
<DocumentFragment>
  <div
    class="MuiBox-root css-2vbfz7"
  >
    <div
      data-testid="success-icon"
    />
    <div
      class="MuiBox-root css-0"
    >
      <p
        class="MuiTypography-root MuiTypography-body1 css-z0zpi2-MuiTypography-root"
        data-testid="confirmation-title"
      >
        ConfirmationWindow.confirmationTitle
      </p>
      <p
        class="MuiTypography-root MuiTypography-body1 css-6zo98n-MuiTypography-root"
        data-testid="secondary-text"
      >
        ConfirmationWindow.secondaryText
      </p>
    </div>
    <svg
      data-testid="close-button"
      style="cursor: pointer;"
    >
      CloseIcon.svg
    </svg>
  </div>
</DocumentFragment>
`;
