// Jest Snapshot v1, https://goo.gl/fbAQLP

exports[`BackOfficeLeftSidebar renders correctly and matches snapshot 1`] = `
<DocumentFragment>
  <div
    class="MuiBox-root css-gxi7h9"
  >
    <div
      class="MuiBox-root css-kbn7if"
    >
      <p
        class="MuiTypography-root MuiTypography-body1 css-ahj2mt-MuiTypography-root"
      >
        Millennium Bank
      </p>
      <div
        data-testid="StyledLogo"
      >
        <div
          data-testid="StyledIcon"
        />
      </div>
    </div>
    <div
      class="MuiBox-root css-6r2fzw"
    >
      <div
        class="MuiBox-root css-197vxcd"
      >
        <p
          class="MuiTypography-root MuiTypography-body1 css-9btzqd-MuiTypography-root"
        >
          SideBar.productHeader
        </p>
        <div
          class="MuiBox-root css-g77exw"
        >
          <div
            data-testid="BackOfficeNavigationLink"
          >
            <svg
              data-testid="PlusIcon"
            />
            <span>
              SideBar.createProduct
            </span>
          </div>
          <div
            data-testid="BackOfficeNavigationLink"
          >
            <svg
              data-testid="WalletIcon"
            />
            <span>
              SideBar.viewProducts
            </span>
          </div>
        </div>
      </div>
      <div
        class="MuiBox-root css-197vxcd"
      >
        <p
          class="MuiTypography-root MuiTypography-body1 css-9btzqd-MuiTypography-root"
        >
          SideBar.employeeHeader
        </p>
        <div
          class="MuiBox-root css-g77exw"
        >
          <div
            data-testid="BackOfficeNavigationLink"
          >
            <svg
              data-testid="PlusIcon"
            />
            <span>
              SideBar.addEmployee
            </span>
          </div>
          <div
            data-testid="BackOfficeNavigationLink"
          >
            <svg
              data-testid="ViewEmployeesIcon"
            />
            <span>
              SideBar.viewEmployees
            </span>
          </div>
        </div>
      </div>
      <div
        class="MuiBox-root css-197vxcd"
      >
        <p
          class="MuiTypography-root MuiTypography-body1 css-9btzqd-MuiTypography-root"
        >
          SideBar.clientHeader
        </p>
        <div
          class="MuiBox-root css-g77exw"
        >
          <div
            data-testid="BackOfficeNavigationLink"
          >
            <svg
              data-testid="PlusIcon"
            />
            <span>
              SideBar.addClient
            </span>
          </div>
          <div
            data-testid="BackOfficeNavigationLink"
          >
            <svg
              data-testid="ViewClientsIcon"
            />
            <span>
              SideBar.viewClients
            </span>
          </div>
        </div>
      </div>
    </div>
    <div
      class="MuiBox-root css-1r6dl8z"
    >
      <button
        data-testid="SettingsButton"
      >
        Settings
      </button>
      <button
        data-testid="LogoutButton"
      >
        Logout
      </button>
    </div>
  </div>
</DocumentFragment>
`;
