// Jest Snapshot v1, https://goo.gl/fbAQLP

exports[`CreateEmployee Component should render correctly and match snapshot 1`] = `
<div>
  <div
    class="MuiBox-root css-vq8apk"
  >
    <p
      class="MuiTypography-root MuiTypography-body1 css-1592clr-MuiTypography-root"
    >
      Add new employee
    </p>
    <form
      style="width: 420px;"
    >
      <div
        class="MuiBox-root css-i3pbo"
      >
        <p
          class="MuiTypography-root MuiTypography-body1 css-1jop4hn-MuiTypography-root"
        >
          First Name
        </p>
        <input
          id="firstName"
          name="firstName"
          placeholder="Enter the First Name"
        />
      </div>
      <div
        class="MuiBox-root css-i3pbo"
      >
        <p
          class="MuiTypography-root MuiTypography-body1 css-1jop4hn-MuiTypography-root"
        >
          Last Name
        </p>
        <input
          id="lastName"
          name="lastName"
          placeholder="Enter the Last Name"
        />
      </div>
      <div
        class="MuiBox-root css-i3pbo"
      >
        <p
          class="MuiTypography-root MuiTypography-body1 css-1jop4hn-MuiTypography-root"
        >
          Email
        </p>
        <input
          id="email"
          name="email"
          placeholder="example@gmail.com"
        />
      </div>
      <div
        class="MuiBox-root css-i3pbo"
      >
        <p
          class="MuiTypography-root MuiTypography-body1 css-1jop4hn-MuiTypography-root"
        >
          Role
        </p>
        <div
          class="MuiAutocomplete-root MuiAutocomplete-hasPopupIcon css-fvyy37-MuiAutocomplete-root"
        >
          <div
            class="MuiFormControl-root MuiFormControl-fullWidth MuiTextField-root css-wb57ya-MuiFormControl-root-MuiTextField-root"
          >
            <div
              class="MuiInputBase-root MuiOutlinedInput-root MuiInputBase-colorPrimary MuiInputBase-fullWidth MuiInputBase-formControl MuiInputBase-adornedEnd MuiAutocomplete-inputRoot css-154xyx0-MuiInputBase-root-MuiOutlinedInput-root"
            >
              <input
                aria-autocomplete="list"
                aria-expanded="false"
                aria-invalid="false"
                autocapitalize="none"
                autocomplete="off"
                class="MuiInputBase-input MuiOutlinedInput-input MuiInputBase-inputAdornedEnd MuiAutocomplete-input MuiAutocomplete-inputFocused css-nxo287-MuiInputBase-input-MuiOutlinedInput-input"
                id=":r0:"
                placeholder="Choose here"
                role="combobox"
                spellcheck="false"
                type="text"
                value=""
              />
              <div
                class="MuiAutocomplete-endAdornment css-p1olib-MuiAutocomplete-endAdornment"
              >
                <button
                  aria-label="Open"
                  class="MuiButtonBase-root MuiIconButton-root MuiIconButton-sizeMedium MuiAutocomplete-popupIndicator css-qzbt6i-MuiButtonBase-root-MuiIconButton-root-MuiAutocomplete-popupIndicator"
                  tabindex="-1"
                  title="Open"
                  type="button"
                >
                  <svg
                    aria-hidden="true"
                    class="MuiSvgIcon-root MuiSvgIcon-fontSizeMedium css-i4bv87-MuiSvgIcon-root"
                    data-testid="ArrowDropDownIcon"
                    focusable="false"
                    viewBox="0 0 24 24"
                  >
                    <path
                      d="M7 10l5 5 5-5z"
                    />
                  </svg>
                  <span
                    class="MuiTouchRipple-root css-8je8zh-MuiTouchRipple-root"
                  />
                </button>
              </div>
              <fieldset
                aria-hidden="true"
                class="MuiOutlinedInput-notchedOutline css-1d3z3hw-MuiOutlinedInput-notchedOutline"
              >
                <legend
                  class="css-ihdtdm"
                >
                  <span
                    class="notranslate"
                  >
                    ​
                  </span>
                </legend>
              </fieldset>
            </div>
          </div>
        </div>
      </div>
      <div
        class="MuiBox-root css-i3pbo"
      >
        <p
          class="MuiTypography-root MuiTypography-body1 css-1jop4hn-MuiTypography-root"
        >
          Date Added
        </p>
        <input
          id="dateAdded"
          name="dateAdded"
          placeholder="Date Added"
          type="date"
        />
      </div>
      <button>
        Save
      </button>
    </form>
  </div>
</div>
`;
