// Jest Snapshot v1, https://goo.gl/fbAQLP

exports[`BackOfficeVerificationPage visual snapshots renders loaded data state snapshot 1`] = `
<div>
  <div
    class="MuiBox-root css-1r7hsju"
    data-testid="main-container"
  >
    <div
      class="MuiBox-root css-59whaf"
    >
      <div
        class="MuiBox-root css-1xbbnqy"
      >
        <p
          class="MuiTypography-root MuiTypography-body1 css-8hv2o8-MuiTypography-root"
        >
          stepOne
        </p>
        <p
          class="MuiTypography-root MuiTypography-body1 css-1nvvmlc-MuiTypography-root"
        >
          qrCodeTitle
        </p>
      </div>
      <div
        class="MuiBox-root css-d7yjpz"
      >
        <p
          class="MuiTypography-root MuiTypography-body1 css-qzn8yb-MuiTypography-root"
        >
          qrCodeText
        </p>
        <img
          alt="QR Code"
          class="css-1uo34h6"
          height="200"
          src="data:image/png;base64,mock-base64-string"
          width="200"
        />
      </div>
    </div>
    <div
      class="MuiBox-root css-59whaf"
    >
      <div
        class="MuiBox-root css-1xbbnqy"
      >
        <p
          class="MuiTypography-root MuiTypography-body1 css-8hv2o8-MuiTypography-root"
        >
          stepTwo
        </p>
        <p
          class="MuiTypography-root MuiTypography-body1 css-1nvvmlc-MuiTypography-root"
        >
          verificationTitle
        </p>
      </div>
      <div
        class="MuiBox-root css-d7yjpz"
      >
        <p
          class="MuiTypography-root MuiTypography-body1 css-qzn8yb-MuiTypography-root"
        >
          verificationText
        </p>
        <form>
          <div
            class="MuiBox-root css-1i27l4i"
          >
            <input
              class="css-1yxwk67"
              maxlength="1"
              value=""
            />
            <input
              class="css-1yxwk67"
              maxlength="1"
              value=""
            />
            <input
              class="css-1yxwk67"
              maxlength="1"
              value=""
            />
            <input
              class="css-1yxwk67"
              maxlength="1"
              value=""
            />
            <input
              class="css-1yxwk67"
              maxlength="1"
              value=""
            />
            <input
              class="css-1yxwk67"
              maxlength="1"
              value=""
            />
          </div>
          <div
            class="MuiBox-root css-1l4w6pd"
          />
          <div
            class="MuiBox-root css-1th99vh"
          >
            <div
              class="MuiBox-root css-mytjhh"
            >
              <button
                class="MuiButtonBase-root MuiButton-root MuiButton-text MuiButton-textPrimary MuiButton-sizeMedium MuiButton-textSizeMedium MuiButton-colorPrimary MuiButton-root MuiButton-text MuiButton-textPrimary MuiButton-sizeMedium MuiButton-textSizeMedium MuiButton-colorPrimary css-1ocfri9-MuiButtonBase-root-MuiButton-root"
                tabindex="0"
                type="button"
              >
                OTPVerificationPage.cancelButtonText
                <span
                  class="MuiTouchRipple-root css-8je8zh-MuiTouchRipple-root"
                />
              </button>
            </div>
            <button
              class="MuiButtonBase-root MuiButton-root MuiButton-contained MuiButton-containedPrimary MuiButton-sizeLarge MuiButton-containedSizeLarge MuiButton-colorPrimary MuiButton-fullWidth Mui-disabled MuiButton-root MuiButton-contained MuiButton-containedPrimary MuiButton-sizeLarge MuiButton-containedSizeLarge MuiButton-colorPrimary MuiButton-fullWidth css-d0id0x-MuiButtonBase-root-MuiButton-root"
              data-testid="save-button"
              disabled=""
              tabindex="-1"
              type="submit"
            >
              OTPVerificationPage.confirmButtonText
            </button>
          </div>
        </form>
      </div>
    </div>
  </div>
</div>
`;
