// Jest Snapshot v1, https://goo.gl/fbAQLP

exports[`SignupFormEmail snapshot should match 1`] = `
<DocumentFragment>
  <p
    class="MuiTypography-root MuiTypography-body1 css-2rfywt-MuiTypography-root"
  >
    Registration
  </p>
  <form
    class="css-pmv6yn"
  >
    <div
      class="MuiBox-root css-1y34vg3"
    >
      <div
        class="MuiBox-root css-8atqhb"
      >
        <label
          class="css-2ogreq"
          for="email"
        >
          Email
        </label>
        <div
          class="MuiFormControl-root MuiFormControl-fullWidth MuiTextField-root  css-158quf0-MuiFormControl-root-MuiTextField-root"
        >
          <div
            class="MuiInputBase-root MuiOutlinedInput-root MuiInputBase-colorPrimary MuiInputBase-fullWidth MuiInputBase-formControl css-md26zr-MuiInputBase-root-MuiOutlinedInput-root"
          >
            <input
              aria-invalid="false"
              class="MuiInputBase-input MuiOutlinedInput-input css-1t8l2tu-MuiInputBase-input-MuiOutlinedInput-input"
              id="email"
              name="email"
              placeholder="example@gmail.com"
              type="text"
              value=""
            />
            <fieldset
              aria-hidden="true"
              class="MuiOutlinedInput-notchedOutline css-1d3z3hw-MuiOutlinedInput-notchedOutline"
            >
              <legend
                class="css-ihdtdm"
              >
                <span
                  class="notranslate"
                >
                  ​
                </span>
              </legend>
            </fieldset>
          </div>
        </div>
      </div>
    </div>
    <div
      class="MuiBox-root css-mytjhh"
    >
      <button
        class="MuiButtonBase-root MuiButton-root MuiButton-contained MuiButton-containedPrimary MuiButton-sizeLarge MuiButton-containedSizeLarge MuiButton-colorPrimary MuiButton-fullWidth Mui-disabled MuiButton-root MuiButton-contained MuiButton-containedPrimary MuiButton-sizeLarge MuiButton-containedSizeLarge MuiButton-colorPrimary MuiButton-fullWidth css-1llcp5k-MuiButtonBase-root-MuiButton-root"
        disabled=""
        tabindex="-1"
        type="submit"
      >
        Continue
      </button>
    </div>
  </form>
  <div
    class="MuiBox-root css-12190x1"
  >
    <p
      class="MuiTypography-root MuiTypography-body1 css-ahj2mt-MuiTypography-root"
    >
      Already have an account?
    </p>
    <a
      class="MuiTypography-root MuiTypography-inherit MuiLink-root MuiLink-underlineAlways css-1e58s9j-MuiTypography-root-MuiLink-root"
      href="/signin"
    >
      Log in
    </a>
  </div>
</DocumentFragment>
`;
