// Jest Snapshot v1, https://goo.gl/fbAQLP

exports[`PaymentReceiptModal renders correctly 1`] = `
<div
  class="MuiDialog-root MuiModal-root css-zw3mfo-MuiModal-root-MuiDialog-root"
  data-testid="payment-receipt-modal"
  role="presentation"
>
  <div
    aria-hidden="true"
    class="MuiBackdrop-root MuiModal-backdrop css-yiavyu-MuiBackdrop-root-MuiDialog-backdrop"
    style="opacity: 1; webkit-transition: opacity 225ms cubic-bezier(0.4, 0, 0.2, 1) 0ms; transition: opacity 225ms cubic-bezier(0.4, 0, 0.2, 1) 0ms;"
  />
  <div
    data-testid="sentinelStart"
    tabindex="0"
  />
  <div
    class="MuiDialog-container MuiDialog-scrollPaper css-hz1bth-MuiDialog-container"
    role="presentation"
    style="opacity: 1; webkit-transition: opacity 225ms cubic-bezier(0.4, 0, 0.2, 1) 0ms; transition: opacity 225ms cubic-bezier(0.4, 0, 0.2, 1) 0ms;"
    tabindex="-1"
  >
    <div
      aria-labelledby=":r0:"
      class="MuiPaper-root MuiPaper-elevation MuiPaper-rounded MuiPaper-elevation24 MuiDialog-paper MuiDialog-paperScrollPaper MuiDialog-paperWidthSm MuiDialog-paperFullWidth css-1vw73at-MuiPaper-root-MuiDialog-paper"
      role="dialog"
    >
      <h2
        class="MuiTypography-root MuiTypography-h6 MuiDialogTitle-root css-1go7xlg-MuiTypography-root-MuiDialogTitle-root"
        id=":r0:"
      >
        <p
          class="MuiTypography-root MuiTypography-body1 css-1o7ozsq-MuiTypography-root"
        >
          TransfersPage.paymentReceiptModal.title
        </p>
        <button
          class="MuiButtonBase-root MuiIconButton-root MuiIconButton-sizeMedium css-1iimdd3-MuiButtonBase-root-MuiIconButton-root"
          data-testid="payment-receipt-close-button"
          tabindex="0"
          type="button"
        >
          <svg
            aria-hidden="true"
            class="MuiSvgIcon-root MuiSvgIcon-fontSizeMedium css-1d159sf-MuiSvgIcon-root"
            data-testid="CloseIcon"
            focusable="false"
            viewBox="0 0 24 24"
          >
            <path
              d="M19 6.41 17.59 5 12 10.59 6.41 5 5 6.41 10.59 12 5 17.59 6.41 19 12 13.41 17.59 19 19 17.59 13.41 12z"
            />
          </svg>
          <span
            class="MuiTouchRipple-root css-8je8zh-MuiTouchRipple-root"
          />
        </button>
      </h2>
      <div
        class="MuiBox-root css-ec4hu"
      >
        <div
          class="MuiStack-root css-1or57tr-MuiStack-root"
        >
          <p
            class="MuiTypography-root MuiTypography-body1 css-bkmj8s-MuiTypography-root"
          >
            <div
              class="MuiBox-root css-10egq61"
            >
              <div
                class="MuiBox-root css-0"
              >
                Invalid Date
              </div>
              <div
                class="MuiBox-root css-0"
              >
                Invalid Date
              </div>
            </div>
          </p>
          <div
            class="MuiStack-root css-17i0r5w-MuiStack-root"
          >
            <p
              class="MuiTypography-root MuiTypography-body1 css-yqyrk-MuiTypography-root"
            >
              receiver
            </p>
            <p
              class="MuiTypography-root MuiTypography-body1 css-ahj2mt-MuiTypography-root"
            >
              string
            </p>
          </div>
          <div
            class="MuiStack-root css-17i0r5w-MuiStack-root"
          >
            <p
              class="MuiTypography-root MuiTypography-body1 css-yqyrk-MuiTypography-root"
            >
              fromCard
            </p>
            <p
              class="MuiTypography-root MuiTypography-body1 css-ahj2mt-MuiTypography-root"
            >
              1234567890123456
            </p>
          </div>
          <div
            class="MuiStack-root css-17i0r5w-MuiStack-root"
          >
            <p
              class="MuiTypography-root MuiTypography-body1 css-yqyrk-MuiTypography-root"
            >
              toCard
            </p>
            <p
              class="MuiTypography-root MuiTypography-body1 css-ahj2mt-MuiTypography-root"
            >
              6543210987654321
            </p>
          </div>
          <div
            class="MuiStack-root css-17i0r5w-MuiStack-root"
          >
            <p
              class="MuiTypography-root MuiTypography-body1 css-yqyrk-MuiTypography-root"
            >
              amount
            </p>
            <p
              class="MuiTypography-root MuiTypography-body1 css-ahj2mt-MuiTypography-root"
            >
              PLN 100,00
            </p>
          </div>
          <div
            class="MuiStack-root css-17i0r5w-MuiStack-root"
          >
            <p
              class="MuiTypography-root MuiTypography-body1 css-yqyrk-MuiTypography-root"
            >
              fee
            </p>
            <p
              class="MuiTypography-root MuiTypography-body1 css-ahj2mt-MuiTypography-root"
            >
              PLN 2,50
            </p>
          </div>
          <div
            class="MuiStack-root css-17i0r5w-MuiStack-root"
          >
            <p
              class="MuiTypography-root MuiTypography-body1 css-txgrbp-MuiTypography-root"
            >
              totalAmount
            </p>
            <p
              class="MuiTypography-root MuiTypography-body1 css-1e5h3ki-MuiTypography-root"
            >
              PLN 102,50
            </p>
          </div>
          <div
            class="MuiStack-root css-17i0r5w-MuiStack-root"
          >
            <p
              class="MuiTypography-root MuiTypography-body1 css-yqyrk-MuiTypography-root"
            >
              status
            </p>
            <p
              class="MuiTypography-root MuiTypography-body1 css-ikjp1c-MuiTypography-root"
            />
          </div>
        </div>
        <div
          class="MuiStack-root css-k616ae-MuiStack-root"
        >
          <button
            class="MuiButtonBase-root MuiButton-root MuiButton-text MuiButton-textPrimary MuiButton-sizeMedium MuiButton-textSizeMedium MuiButton-colorPrimary MuiButton-root MuiButton-text MuiButton-textPrimary MuiButton-sizeMedium MuiButton-textSizeMedium MuiButton-colorPrimary css-nzksf6-MuiButtonBase-root-MuiButton-root"
            tabindex="0"
            type="button"
          >
            <span
              class="MuiButton-icon MuiButton-startIcon MuiButton-iconSizeMedium css-1d6wzja-MuiButton-startIcon"
            >
              <svg
                aria-hidden="true"
                aria-label="label.download"
                class="MuiSvgIcon-root MuiSvgIcon-fontSizeMedium css-i4bv87-MuiSvgIcon-root"
                focusable="false"
                role="img"
                viewBox="0 0 24 24"
              >
                <svg>
                  Download.svg
                </svg>
              </svg>
            </span>
            TransfersPage.paymentReceiptModal.download
            <span
              class="MuiTouchRipple-root css-8je8zh-MuiTouchRipple-root"
            />
          </button>
          <button
            class="MuiButtonBase-root MuiButton-root MuiButton-text MuiButton-textPrimary MuiButton-sizeMedium MuiButton-textSizeMedium MuiButton-colorPrimary MuiButton-root MuiButton-text MuiButton-textPrimary MuiButton-sizeMedium MuiButton-textSizeMedium MuiButton-colorPrimary css-nzksf6-MuiButtonBase-root-MuiButton-root"
            tabindex="0"
            type="button"
          >
            <span
              class="MuiButton-icon MuiButton-startIcon MuiButton-iconSizeMedium css-1d6wzja-MuiButton-startIcon"
            >
              <svg
                aria-hidden="true"
                aria-label="label.share"
                class="MuiSvgIcon-root MuiSvgIcon-fontSizeMedium css-i4bv87-MuiSvgIcon-root"
                focusable="false"
                role="img"
                viewBox="0 0 24 24"
              >
                <svg>
                  Share.svg
                </svg>
              </svg>
            </span>
            TransfersPage.paymentReceiptModal.share
            <span
              class="MuiTouchRipple-root css-8je8zh-MuiTouchRipple-root"
            />
          </button>
        </div>
      </div>
      <div
        class="MuiBox-root css-k6j2ft"
      >
        <svg>
          PaymentCheckBottom.svg
        </svg>
      </div>
    </div>
  </div>
  <div
    data-testid="sentinelEnd"
    tabindex="0"
  />
</div>
`;
