// Jest Snapshot v1, https://goo.gl/fbAQLP

exports[`Forgot password Finished should match snapshot snapshot should match 1`] = `
<DocumentFragment>
  <button
    class="MuiButtonBase-root MuiButton-root MuiButton-text MuiButton-textPrimary MuiButton-sizeMedium MuiButton-textSizeMedium MuiButton-colorPrimary MuiButton-root MuiButton-text MuiButton-textPrimary MuiButton-sizeMedium MuiButton-textSizeMedium MuiButton-colorPrimary css-pfbmp7-MuiButtonBase-root-MuiButton-root"
    tabindex="0"
    type="button"
  >
    <svg
      aria-hidden="true"
      class="MuiSvgIcon-root MuiSvgIcon-fontSizeMedium css-i4bv87-MuiSvgIcon-root"
      data-testid="KeyboardArrowLeftIcon"
      focusable="false"
      viewBox="0 0 24 24"
    >
      <path
        d="M15.41 16.59 10.83 12l4.58-4.59L14 6l-6 6 6 6z"
      />
    </svg>
    RegistrationPage.buttonBackArrow
    <span
      class="MuiTouchRipple-root css-8je8zh-MuiTouchRipple-root"
    />
  </button>
  <div
    class="MuiBox-root css-72o1t7"
  >
    <div
      class="MuiBox-root css-1jw1wke"
    >
      <div
        class="MuiBox-root css-w0slhu"
        data-testid="logo"
      >
        <div
          class="MuiBox-root css-yruxu8"
        >
          <svg
            class="css-1w10xs4"
          >
            Logo.svg
          </svg>
        </div>
        <div
          class="MuiBox-root css-hl2cc3"
        >
          <p
            class="MuiTypography-root MuiTypography-body1 css-ahj2mt-MuiTypography-root"
          >
            logoTitle
          </p>
        </div>
      </div>
      <p
        class="MuiTypography-root MuiTypography-body1 css-2rfywt-MuiTypography-root"
      >
        CreateForgotPassword
      </p>
      <form
        class="css-1l9pyge"
      >
        <div
          class="MuiBox-root css-1y34vg3"
        >
          <div
            class="MuiBox-root css-8atqhb"
          >
            <div
              class="MuiBox-root css-k008qs"
            >
              <label
                class="css-2ogreq"
                for="password"
              >
                password.label
              </label>
            </div>
            <div
              class="MuiFormControl-root MuiFormControl-fullWidth MuiTextField-root  css-1r44fng-MuiFormControl-root-MuiTextField-root"
            >
              <div
                class="MuiInputBase-root MuiOutlinedInput-root MuiInputBase-colorPrimary MuiInputBase-fullWidth MuiInputBase-formControl MuiInputBase-adornedEnd css-154xyx0-MuiInputBase-root-MuiOutlinedInput-root"
              >
                <input
                  aria-describedby="password-helper-text"
                  aria-invalid="false"
                  class="MuiInputBase-input MuiOutlinedInput-input MuiInputBase-inputAdornedEnd css-nxo287-MuiInputBase-input-MuiOutlinedInput-input"
                  id="password"
                  name="password"
                  placeholder="᛫᛫᛫᛫᛫᛫᛫᛫᛫"
                  type="password"
                  value=""
                />
                <div
                  class="MuiInputAdornment-root MuiInputAdornment-positionEnd MuiInputAdornment-outlined MuiInputAdornment-sizeMedium css-1laqsz7-MuiInputAdornment-root"
                >
                  <span
                    aria-label="Show"
                    class=""
                    data-mui-internal-clone-element="true"
                  >
                    <button
                      aria-label="toggle password visibility"
                      class="MuiButtonBase-root MuiIconButton-root MuiIconButton-edgeEnd MuiIconButton-sizeMedium css-wedaf4-MuiButtonBase-root-MuiIconButton-root"
                      tabindex="0"
                      type="button"
                    >
                      <svg
                        aria-hidden="true"
                        class="MuiSvgIcon-root MuiSvgIcon-fontSizeMedium css-i4bv87-MuiSvgIcon-root"
                        data-testid="VisibilityOffOutlinedIcon"
                        focusable="false"
                        viewBox="0 0 24 24"
                      >
                        <path
                          d="M12 6c3.79 0 7.17 2.13 8.82 5.5-.59 1.22-1.42 2.27-2.41 3.12l1.41 1.41c1.39-1.23 2.49-2.77 3.18-4.53C21.27 7.11 17 4 12 4c-1.27 0-2.49.2-3.64.57l1.65 1.65C10.66 6.09 11.32 6 12 6m-1.07 1.14L13 9.21c.57.25 1.03.71 1.28 1.28l2.07 2.07c.08-.34.14-.7.14-1.07C16.5 9.01 14.48 7 12 7c-.37 0-.72.05-1.07.14M2.01 3.87l2.68 2.68C3.06 7.83 1.77 9.53 1 11.5 2.73 15.89 7 19 12 19c1.52 0 2.98-.29 4.32-.82l3.42 3.42 1.41-1.41L3.42 2.45zm7.5 7.5 2.61 2.61c-.04.01-.08.02-.12.02-1.38 0-2.5-1.12-2.5-2.5 0-.05.01-.08.01-.13m-3.4-3.4 1.75 1.75c-.23.55-.36 1.15-.36 1.78 0 2.48 2.02 4.5 4.5 4.5.63 0 1.23-.13 1.77-.36l.98.98c-.88.24-1.8.38-2.75.38-3.79 0-7.17-2.13-8.82-5.5.7-1.43 1.72-2.61 2.93-3.53"
                        />
                      </svg>
                      <span
                        class="MuiTouchRipple-root css-8je8zh-MuiTouchRipple-root"
                      />
                    </button>
                  </span>
                </div>
                <fieldset
                  aria-hidden="true"
                  class="MuiOutlinedInput-notchedOutline css-1d3z3hw-MuiOutlinedInput-notchedOutline"
                >
                  <legend
                    class="css-ihdtdm"
                  >
                    <span
                      class="notranslate"
                    >
                      ​
                    </span>
                  </legend>
                </fieldset>
              </div>
              <p
                class="MuiFormHelperText-root MuiFormHelperText-sizeMedium MuiFormHelperText-contained css-1wc848c-MuiFormHelperText-root"
                id="password-helper-text"
              />
            </div>
          </div>
          <div
            class="MuiBox-root css-8atqhb"
          >
            <div
              class="MuiBox-root css-k008qs"
            >
              <label
                class="css-2ogreq"
                for="confirmPassword"
              >
                confirmPassword.label
              </label>
            </div>
            <div
              class="MuiFormControl-root MuiFormControl-fullWidth MuiTextField-root  css-1r44fng-MuiFormControl-root-MuiTextField-root"
            >
              <div
                class="MuiInputBase-root MuiOutlinedInput-root MuiInputBase-colorPrimary Mui-disabled MuiInputBase-fullWidth MuiInputBase-formControl MuiInputBase-adornedEnd css-154xyx0-MuiInputBase-root-MuiOutlinedInput-root"
              >
                <input
                  aria-describedby="confirmPassword-helper-text"
                  aria-invalid="false"
                  class="MuiInputBase-input MuiOutlinedInput-input Mui-disabled MuiInputBase-inputAdornedEnd css-nxo287-MuiInputBase-input-MuiOutlinedInput-input"
                  disabled=""
                  id="confirmPassword"
                  name="confirmPassword"
                  placeholder="᛫᛫᛫᛫᛫᛫᛫᛫᛫"
                  type="password"
                  value=""
                />
                <div
                  class="MuiInputAdornment-root MuiInputAdornment-positionEnd MuiInputAdornment-outlined MuiInputAdornment-sizeMedium css-1laqsz7-MuiInputAdornment-root"
                >
                  <span
                    aria-label="Show"
                    class=""
                    data-mui-internal-clone-element="true"
                  >
                    <button
                      aria-label="toggle password visibility"
                      class="MuiButtonBase-root Mui-disabled MuiIconButton-root Mui-disabled MuiIconButton-edgeEnd MuiIconButton-sizeMedium css-wedaf4-MuiButtonBase-root-MuiIconButton-root"
                      disabled=""
                      tabindex="-1"
                      type="button"
                    >
                      <svg
                        aria-hidden="true"
                        class="MuiSvgIcon-root MuiSvgIcon-fontSizeMedium css-i4bv87-MuiSvgIcon-root"
                        data-testid="VisibilityOffOutlinedIcon"
                        focusable="false"
                        viewBox="0 0 24 24"
                      >
                        <path
                          d="M12 6c3.79 0 7.17 2.13 8.82 5.5-.59 1.22-1.42 2.27-2.41 3.12l1.41 1.41c1.39-1.23 2.49-2.77 3.18-4.53C21.27 7.11 17 4 12 4c-1.27 0-2.49.2-3.64.57l1.65 1.65C10.66 6.09 11.32 6 12 6m-1.07 1.14L13 9.21c.57.25 1.03.71 1.28 1.28l2.07 2.07c.08-.34.14-.7.14-1.07C16.5 9.01 14.48 7 12 7c-.37 0-.72.05-1.07.14M2.01 3.87l2.68 2.68C3.06 7.83 1.77 9.53 1 11.5 2.73 15.89 7 19 12 19c1.52 0 2.98-.29 4.32-.82l3.42 3.42 1.41-1.41L3.42 2.45zm7.5 7.5 2.61 2.61c-.04.01-.08.02-.12.02-1.38 0-2.5-1.12-2.5-2.5 0-.05.01-.08.01-.13m-3.4-3.4 1.75 1.75c-.23.55-.36 1.15-.36 1.78 0 2.48 2.02 4.5 4.5 4.5.63 0 1.23-.13 1.77-.36l.98.98c-.88.24-1.8.38-2.75.38-3.79 0-7.17-2.13-8.82-5.5.7-1.43 1.72-2.61 2.93-3.53"
                        />
                      </svg>
                    </button>
                  </span>
                </div>
                <fieldset
                  aria-hidden="true"
                  class="MuiOutlinedInput-notchedOutline css-1d3z3hw-MuiOutlinedInput-notchedOutline"
                >
                  <legend
                    class="css-ihdtdm"
                  >
                    <span
                      class="notranslate"
                    >
                      ​
                    </span>
                  </legend>
                </fieldset>
              </div>
              <p
                class="MuiFormHelperText-root Mui-disabled MuiFormHelperText-sizeMedium MuiFormHelperText-contained css-1wc848c-MuiFormHelperText-root"
                id="confirmPassword-helper-text"
              />
            </div>
          </div>
          <div
            class="MuiBox-root css-8atqhb"
          >
            <div
              class="MuiBox-root css-k008qs"
            >
              <label
                class="css-2ogreq"
                for="verificationCode"
              >
                EnterVerificatonCode
              </label>
            </div>
            <div
              class="MuiFormControl-root MuiFormControl-fullWidth MuiTextField-root css-1r44fng-MuiFormControl-root-MuiTextField-root"
            >
              <div
                class="MuiInputBase-root MuiOutlinedInput-root MuiInputBase-colorPrimary Mui-disabled MuiInputBase-fullWidth MuiInputBase-formControl css-md26zr-MuiInputBase-root-MuiOutlinedInput-root"
              >
                <input
                  aria-invalid="false"
                  class="MuiInputBase-input MuiOutlinedInput-input Mui-disabled css-1t8l2tu-MuiInputBase-input-MuiOutlinedInput-input"
                  disabled=""
                  id="verificationCode"
                  name="verificationCode"
                  placeholder="᛫᛫᛫᛫᛫᛫"
                  type="string"
                  value=""
                />
                <fieldset
                  aria-hidden="true"
                  class="MuiOutlinedInput-notchedOutline css-1d3z3hw-MuiOutlinedInput-notchedOutline"
                >
                  <legend
                    class="css-ihdtdm"
                  >
                    <span
                      class="notranslate"
                    >
                      ​
                    </span>
                  </legend>
                </fieldset>
              </div>
            </div>
          </div>
        </div>
        <button
          class="MuiButtonBase-root MuiButton-root MuiButton-contained MuiButton-containedPrimary MuiButton-sizeLarge MuiButton-containedSizeLarge MuiButton-colorPrimary MuiButton-fullWidth Mui-disabled MuiButton-root MuiButton-contained MuiButton-containedPrimary MuiButton-sizeLarge MuiButton-containedSizeLarge MuiButton-colorPrimary MuiButton-fullWidth css-1llcp5k-MuiButtonBase-root-MuiButton-root"
          data-testid="save-button"
          disabled=""
          tabindex="-1"
          type="submit"
        >
          Confirm
        </button>
      </form>
      <div
        class="MuiBox-root css-1qk7tqe"
      >
        <p
          class="MuiTypography-root MuiTypography-body1 css-ahj2mt-MuiTypography-root"
        >
          SignupPage.haveAccountMsg
        </p>
        <a
          class="css-5ujym"
          href="/signin"
          sx="[object Object]"
        >
          SignupPage.moveToLoginLink
        </a>
      </div>
    </div>
  </div>
  <footer
    class="css-1ysvaad"
  >
    <div
      class="MuiBox-root css-144sf9l"
      id="contact-section"
    >
      <div
        class="MuiBox-root css-8qypj0"
      >
        <div
          class="MuiBox-root css-1szp4xl"
          data-testid="logo"
        >
          <div
            class="MuiBox-root css-2t4951"
          >
            <svg
              class="css-1w10xs4"
            >
              Logo.svg
            </svg>
          </div>
          <div
            class="MuiBox-root css-dh57yn"
          >
            <p
              class="MuiTypography-root MuiTypography-body1 css-ahj2mt-MuiTypography-root"
            >
              logoTitle
            </p>
          </div>
        </div>
      </div>
      <div
        class="MuiBox-root css-1p16v3r"
      >
        <div
          class="MuiBox-root css-1gj1vea"
        >
          <p
            class="MuiTypography-root MuiTypography-body2 css-bmqpby-MuiTypography-root"
          >
            download
          </p>
          <div
            class="MuiBox-root css-19n5j0m"
          >
            <div
              class="MuiBox-root css-0"
            >
              <a
                href="https://play.google.com/store/apps"
                rel="noopener noreferrer"
                target="_blank"
              >
                <svg
                  data-testid="google-play-icon"
                  height="52"
                  width="180"
                >
                  GooglePlay.svg
                </svg>
              </a>
            </div>
            <div
              class="MuiBox-root css-0"
            >
              <a
                href="https://www.apple.com/app-store/"
                rel="noopener noreferrer"
                target="_blank"
              >
                <svg
                  data-testid="app-store-icon"
                  height="52"
                  width="180"
                >
                  AppStore.svg
                </svg>
              </a>
            </div>
          </div>
        </div>
        <div
          class="MuiBox-root css-0"
        >
          <p
            class="MuiTypography-root MuiTypography-body2 css-bmqpby-MuiTypography-root"
          >
            contacts.title
          </p>
          <a
            class="MuiTypography-root MuiTypography-inherit MuiLink-root MuiLink-underlineAlways css-2eg1gn-MuiTypography-root-MuiLink-root"
            href="tel:undefined"
          >
            <p
              class="MuiTypography-root MuiTypography-body2 css-1q3dlv1-MuiTypography-root"
            />
          </a>
          <a
            class="MuiTypography-root MuiTypography-inherit MuiLink-root MuiLink-underlineAlways css-tev1fw-MuiTypography-root-MuiLink-root"
            href="mailto:"
          >
            <p
              class="MuiTypography-root MuiTypography-body2 css-1q3dlv1-MuiTypography-root"
            />
          </a>
        </div>
        <div
          class="MuiBox-root css-0"
        >
          <p
            class="MuiTypography-root MuiTypography-body2 css-bmqpby-MuiTypography-root"
          >
            workingHours.title
          </p>
          <div
            class="MuiBox-root css-1kkt86i"
          >
            <p
              class="MuiTypography-root MuiTypography-body2 css-1topzfl-MuiTypography-root"
            >
                - 
            </p>
            <p
              class="MuiTypography-root MuiTypography-body2 css-1topzfl-MuiTypography-root"
            >
              :  - 
            </p>
          </div>
        </div>
      </div>
    </div>
    <div
      class="MuiBox-root css-1cdmgj5"
    >
      <div
        class="MuiBox-root css-1feu43h"
      >
        <div
          class="MuiBox-root css-1utx3w7"
        >
          <a
            class="MuiTypography-root MuiTypography-body2 MuiLink-root MuiLink-underlineHover css-9smqfy-MuiTypography-root-MuiLink-root"
            href="https://data.mibank2.andersenlab.dev/Terms+of+Use.pdfundefined"
            target="_blank"
          >
            footerBottom.terms
          </a>
          <p
            class="MuiTypography-root MuiTypography-body2 css-e784if-MuiTypography-root"
          >
            footerBottom.and
          </p>
          <a
            class="MuiTypography-root MuiTypography-body2 MuiLink-root MuiLink-underlineHover css-9smqfy-MuiTypography-root-MuiLink-root"
            href="https://data.mibank2.andersenlab.dev/Privacy+Policy.pdfundefined"
            target="_blank"
          >
            footerBottom.policy
          </a>
        </div>
      </div>
      <div
        class="MuiBox-root css-1ccg4iv"
      >
        <p
          class="MuiTypography-root MuiTypography-body2 css-e784if-MuiTypography-root"
        >
          footerBottom.copyright
        </p>
      </div>
    </div>
  </footer>
</DocumentFragment>
`;
