// Jest Snapshot v1, https://goo.gl/fbAQLP

exports[`Forgot password Finished should match snapshot snapshot should match 1`] = `
<DocumentFragment>
  <button
    class="MuiButtonBase-root MuiButton-root MuiButton-text MuiButton-textPrimary MuiButton-sizeMedium MuiButton-textSizeMedium MuiButton-colorPrimary MuiButton-root MuiButton-text MuiButton-textPrimary MuiButton-sizeMedium MuiButton-textSizeMedium MuiButton-colorPrimary css-pfbmp7-MuiButtonBase-root-MuiButton-root"
    tabindex="0"
    type="button"
  >
    <svg
      aria-hidden="true"
      class="MuiSvgIcon-root MuiSvgIcon-fontSizeMedium css-i4bv87-MuiSvgIcon-root"
      data-testid="KeyboardArrowLeftIcon"
      focusable="false"
      viewBox="0 0 24 24"
    >
      <path
        d="M15.41 16.59 10.83 12l4.58-4.59L14 6l-6 6 6 6z"
      />
    </svg>
    Back
    <span
      class="MuiTouchRipple-root css-8je8zh-MuiTouchRipple-root"
    />
  </button>
  <div
    class="MuiBox-root css-72o1t7"
  >
    <div
      class="MuiBox-root css-1jw1wke"
    >
      <div
        class="MuiBox-root css-w0slhu"
        data-testid="logo"
      >
        <div
          class="MuiBox-root css-yruxu8"
        >
          <svg
            class="css-1w10xs4"
          >
            Logo.svg
          </svg>
        </div>
        <div
          class="MuiBox-root css-hl2cc3"
        >
          <p
            class="MuiTypography-root MuiTypography-body1 css-ahj2mt-MuiTypography-root"
          >
            Millennium Bank
          </p>
        </div>
      </div>
      <div
        class="MuiBox-root css-hb3g6n"
      >
        <div
          class="MuiBox-root css-411q4v"
        >
          <h5
            class="MuiTypography-root MuiTypography-h5 css-qh6pc9-MuiTypography-root"
          >
            Password has been updated
          </h5>
          <p
            class="MuiTypography-root MuiTypography-body2 css-63xzv1-MuiTypography-root"
          />
          <div
            class="MuiBox-root css-12190x1"
          >
            <p
              class="MuiTypography-root MuiTypography-body1 css-ahj2mt-MuiTypography-root"
            >
              Password has been successfully updated
            </p>
            <a
              class="MuiTypography-root MuiTypography-inherit MuiLink-root MuiLink-underlineAlways css-anuv2a-MuiTypography-root-MuiLink-root"
              href="/signin"
            >
              Log in
            </a>
          </div>
          <p />
        </div>
      </div>
    </div>
  </div>
  <footer
    class="css-1ysvaad"
  >
    <div
      class="MuiBox-root css-144sf9l"
      id="contact-section"
    >
      <div
        class="MuiBox-root css-8qypj0"
      >
        <div
          class="MuiBox-root css-1szp4xl"
          data-testid="logo"
        >
          <div
            class="MuiBox-root css-2t4951"
          >
            <svg
              class="css-1w10xs4"
            >
              Logo.svg
            </svg>
          </div>
          <div
            class="MuiBox-root css-dh57yn"
          >
            <p
              class="MuiTypography-root MuiTypography-body1 css-ahj2mt-MuiTypography-root"
            >
              Millennium Bank
            </p>
          </div>
        </div>
      </div>
      <div
        class="MuiBox-root css-1p16v3r"
      >
        <div
          class="MuiBox-root css-1gj1vea"
        >
          <p
            class="MuiTypography-root MuiTypography-body2 css-bmqpby-MuiTypography-root"
          >
            Download the app:
          </p>
          <div
            class="MuiBox-root css-19n5j0m"
          >
            <div
              class="MuiBox-root css-0"
            >
              <a
                href="https://play.google.com/store/apps"
                rel="noopener noreferrer"
                target="_blank"
              >
                <svg
                  data-testid="google-play-icon"
                  height="52"
                  width="180"
                >
                  GooglePlay.svg
                </svg>
              </a>
            </div>
            <div
              class="MuiBox-root css-0"
            >
              <a
                href="https://www.apple.com/app-store/"
                rel="noopener noreferrer"
                target="_blank"
              >
                <svg
                  data-testid="app-store-icon"
                  height="52"
                  width="180"
                >
                  AppStore.svg
                </svg>
              </a>
            </div>
          </div>
        </div>
        <div
          class="MuiBox-root css-0"
        >
          <p
            class="MuiTypography-root MuiTypography-body2 css-bmqpby-MuiTypography-root"
          >
            Our contacts:
          </p>
          <a
            class="MuiTypography-root MuiTypography-inherit MuiLink-root MuiLink-underlineAlways css-2eg1gn-MuiTypography-root-MuiLink-root"
            href="tel:undefined"
          >
            <p
              class="MuiTypography-root MuiTypography-body2 css-1q3dlv1-MuiTypography-root"
            />
          </a>
          <a
            class="MuiTypography-root MuiTypography-inherit MuiLink-root MuiLink-underlineAlways css-tev1fw-MuiTypography-root-MuiLink-root"
            href="mailto:"
          >
            <p
              class="MuiTypography-root MuiTypography-body2 css-1q3dlv1-MuiTypography-root"
            />
          </a>
        </div>
        <div
          class="MuiBox-root css-0"
        >
          <p
            class="MuiTypography-root MuiTypography-body2 css-bmqpby-MuiTypography-root"
          >
            Contact center working hours:
          </p>
          <div
            class="MuiBox-root css-1kkt86i"
          >
            <p
              class="MuiTypography-root MuiTypography-body2 css-1topzfl-MuiTypography-root"
            >
                - 
            </p>
            <p
              class="MuiTypography-root MuiTypography-body2 css-1topzfl-MuiTypography-root"
            >
              :  - 
            </p>
          </div>
        </div>
      </div>
    </div>
    <div
      class="MuiBox-root css-1cdmgj5"
    >
      <div
        class="MuiBox-root css-1feu43h"
      >
        <div
          class="MuiBox-root css-1utx3w7"
        >
          <a
            class="MuiTypography-root MuiTypography-body2 MuiLink-root MuiLink-underlineHover css-9smqfy-MuiTypography-root-MuiLink-root"
            href="https://data.mibank2.andersenlab.dev/Terms+of+Use.pdfundefined"
            target="_blank"
          >
            Terms of Use
          </a>
          <p
            class="MuiTypography-root MuiTypography-body2 css-e784if-MuiTypography-root"
          >
            and
          </p>
          <a
            class="MuiTypography-root MuiTypography-body2 MuiLink-root MuiLink-underlineHover css-9smqfy-MuiTypography-root-MuiLink-root"
            href="https://data.mibank2.andersenlab.dev/Privacy+Policy.pdfundefined"
            target="_blank"
          >
            Privacy Policy
          </a>
        </div>
      </div>
      <div
        class="MuiBox-root css-1ccg4iv"
      >
        <p
          class="MuiTypography-root MuiTypography-body2 css-e784if-MuiTypography-root"
        >
          Millennium Bank © 2024. All rights reserved.
        </p>
      </div>
    </div>
  </footer>
</DocumentFragment>
`;
