// Jest Snapshot v1, https://goo.gl/fbAQLP

exports[`ForgotPasswordPage should match snapshot 1`] = `
<DocumentFragment>
  <div
    class="MuiBox-root css-15e9iou"
  >
    <div
      class="MuiBox-root css-1jw1wke"
    >
      <div
        class="MuiBox-root css-fi2a58"
        data-testid="logo"
      >
        <span
          aria-hidden="true"
          class="material-icons notranslate MuiIcon-root MuiIcon-fontSizeMedium css-ops86o-MuiIcon-root"
        >
          <svg
            height="100%"
            width="100%"
          >
            Logo.svg
          </svg>
        </span>
        <p
          class="MuiTypography-root MuiTypography-body1 css-1pwdld8-MuiTypography-root"
        >
          logoTitle
        </p>
      </div>
      <button
        class="MuiButtonBase-root MuiButton-root MuiButton-text MuiButton-textPrimary MuiButton-sizeMedium MuiButton-textSizeMedium MuiButton-colorPrimary MuiButton-root MuiButton-text MuiButton-textPrimary MuiButton-sizeMedium MuiButton-textSizeMedium MuiButton-colorPrimary css-ghkefk-MuiButtonBase-root-MuiButton-root"
        tabindex="0"
        type="button"
      >
        <svg
          aria-hidden="true"
          class="MuiSvgIcon-root MuiSvgIcon-fontSizeMedium css-i4bv87-MuiSvgIcon-root"
          data-testid="KeyboardArrowLeftIcon"
          focusable="false"
          viewBox="0 0 24 24"
        >
          <path
            d="M15.41 16.59 10.83 12l4.58-4.59L14 6l-6 6 6 6z"
          />
        </svg>
        RegistrationPage.buttonBackArrow
        <span
          class="MuiTouchRipple-root css-8je8zh-MuiTouchRipple-root"
        />
      </button>
      <p
        class="MuiTypography-root MuiTypography-body1 css-2rfywt-MuiTypography-root"
      >
        ForgotPassword.EmailPageTitle
      </p>
      <form
        class="css-1l9pyge"
        style="margin-bottom: 50px;"
      >
        <div
          class="MuiBox-root css-1y34vg3"
        >
          <div
            class="MuiBox-root css-8atqhb"
          >
            <label
              class="css-4hw5h8"
              for="email"
            >
              LoginPage.email.label
            </label>
            <div
              class="MuiFormControl-root MuiFormControl-fullWidth MuiTextField-root  css-3cvbuz-MuiFormControl-root-MuiTextField-root"
            >
              <div
                class="MuiInputBase-root MuiOutlinedInput-root MuiInputBase-colorPrimary MuiInputBase-fullWidth MuiInputBase-formControl css-1vnk7sm-MuiInputBase-root-MuiOutlinedInput-root"
              >
                <input
                  aria-invalid="false"
                  class="MuiInputBase-input MuiOutlinedInput-input css-1t8l2tu-MuiInputBase-input-MuiOutlinedInput-input"
                  id="email"
                  name="email"
                  placeholder="ForgotPassword.EmailPagePlaceholder"
                  type="text"
                  value=""
                />
                <fieldset
                  aria-hidden="true"
                  class="MuiOutlinedInput-notchedOutline css-1d3z3hw-MuiOutlinedInput-notchedOutline"
                >
                  <legend
                    class="css-ihdtdm"
                  >
                    <span
                      class="notranslate"
                    >
                      ​
                    </span>
                  </legend>
                </fieldset>
              </div>
            </div>
          </div>
        </div>
        <button
          class="MuiButtonBase-root MuiButton-root MuiButton-contained MuiButton-containedPrimary MuiButton-sizeLarge MuiButton-containedSizeLarge MuiButton-colorPrimary MuiButton-fullWidth Mui-disabled MuiButton-root MuiButton-contained MuiButton-containedPrimary MuiButton-sizeLarge MuiButton-containedSizeLarge MuiButton-colorPrimary MuiButton-fullWidth css-d0id0x-MuiButtonBase-root-MuiButton-root"
          data-testid="save-button"
          disabled=""
          tabindex="-1"
          type="submit"
        >
          ForgotPassword.EmailPageButton
        </button>
      </form>
    </div>
  </div>
  <footer
    class="css-4mcy18"
  >
    <div
      class="MuiBox-root css-144sf9l"
      id="contact-section"
    >
      <div
        class="MuiBox-root css-bzvoy0"
      >
        <div
          class="MuiBox-root css-ybpx8d"
          data-testid="logo"
        >
          <span
            aria-hidden="true"
            class="material-icons notranslate MuiIcon-root MuiIcon-fontSizeMedium css-1ygk0ui-MuiIcon-root"
          >
            <svg
              height="100%"
              width="100%"
            >
              Logo.svg
            </svg>
          </span>
          <p
            class="MuiTypography-root MuiTypography-body1 css-1oq6dw0-MuiTypography-root"
          >
            logoTitle
          </p>
        </div>
      </div>
      <div
        class="MuiBox-root css-1p16v3r"
      >
        <div
          class="MuiBox-root css-1gj1vea"
        >
          <p
            class="MuiTypography-root MuiTypography-body2 css-1wy5iz8-MuiTypography-root"
          >
            download
          </p>
          <div
            class="MuiBox-root css-19n5j0m"
          >
            <div
              class="MuiBox-root css-0"
            >
              <a
                href="https://play.google.com/store/apps"
                rel="noopener noreferrer"
                target="_blank"
              >
                <svg
                  data-testid="google-play-icon"
                  height="52"
                  width="180"
                >
                  GooglePlay.svg
                </svg>
              </a>
            </div>
            <div
              class="MuiBox-root css-0"
            >
              <a
                href="https://www.apple.com/app-store/"
                rel="noopener noreferrer"
                target="_blank"
              >
                <svg
                  data-testid="app-store-icon"
                  height="52"
                  width="180"
                >
                  AppStore.svg
                </svg>
              </a>
            </div>
          </div>
        </div>
        <div
          class="MuiBox-root css-0"
        >
          <p
            class="MuiTypography-root MuiTypography-body2 css-1wy5iz8-MuiTypography-root"
          >
            contacts.title
          </p>
          <a
            class="MuiTypography-root MuiTypography-inherit MuiLink-root MuiLink-underlineAlways css-nvejw5-MuiTypography-root-MuiLink-root"
            href="tel:undefined"
          >
            <p
              class="MuiTypography-root MuiTypography-body2 css-1q3dlv1-MuiTypography-root"
            />
          </a>
          <a
            class="MuiTypography-root MuiTypography-inherit MuiLink-root MuiLink-underlineAlways css-b1ryd5-MuiTypography-root-MuiLink-root"
            href="mailto:"
          >
            <p
              class="MuiTypography-root MuiTypography-body2 css-1q3dlv1-MuiTypography-root"
            />
          </a>
        </div>
        <div
          class="MuiBox-root css-0"
        >
          <p
            class="MuiTypography-root MuiTypography-body2 css-1wy5iz8-MuiTypography-root"
          >
            workingHours.title
          </p>
          <div
            class="MuiBox-root css-1kkt86i"
          >
            <p
              class="MuiTypography-root MuiTypography-body2 css-g9qh48-MuiTypography-root"
            >
                - 
            </p>
            <p
              class="MuiTypography-root MuiTypography-body2 css-g9qh48-MuiTypography-root"
            >
              :  - 
            </p>
          </div>
        </div>
      </div>
    </div>
    <div
      class="MuiBox-root css-1ikuhl4"
    >
      <div
        class="MuiBox-root css-16x69kk"
      >
        <div
          class="MuiBox-root css-1utx3w7"
        >
          <a
            class="MuiTypography-root MuiTypography-body2 MuiLink-root MuiLink-underlineHover css-9smqfy-MuiTypography-root-MuiLink-root"
            href="https://data.mibank2.andersenlab.dev/Terms+of+Use.pdfundefined"
            target="_blank"
          >
            footerBottom.terms
          </a>
          <p
            class="MuiTypography-root MuiTypography-body2 css-e784if-MuiTypography-root"
          >
            footerBottom.and
          </p>
          <a
            class="MuiTypography-root MuiTypography-body2 MuiLink-root MuiLink-underlineHover css-9smqfy-MuiTypography-root-MuiLink-root"
            href="https://data.mibank2.andersenlab.dev/Privacy+Policy.pdfundefined"
            target="_blank"
          >
            footerBottom.policy
          </a>
        </div>
      </div>
      <div
        class="MuiBox-root css-14ysq7g"
      >
        <p
          class="MuiTypography-root MuiTypography-body2 css-e784if-MuiTypography-root"
        >
          footerBottom.copyright
        </p>
      </div>
    </div>
  </footer>
</DocumentFragment>
`;
