// Jest Snapshot v1, https://goo.gl/fbAQLP

exports[`LoginPage snapshot should match 1`] = `
<DocumentFragment>
  <div
    class="MuiBox-root css-15e9iou"
  >
    <div
      class="MuiBox-root css-1jw1wke"
    >
      <div
        class="MuiBox-root css-fi2a58"
        data-testid="logo"
      >
        <span
          aria-hidden="true"
          class="material-icons notranslate MuiIcon-root MuiIcon-fontSizeMedium css-ops86o-MuiIcon-root"
        >
          <svg
            height="100%"
            width="100%"
          >
            Logo.svg
          </svg>
        </span>
        <p
          class="MuiTypography-root MuiTypography-body1 css-1pwdld8-MuiTypography-root"
        >
          Millennium Bank
        </p>
      </div>
      <p
        class="MuiTypography-root MuiTypography-body1 css-2rfywt-MuiTypography-root"
      >
        Log in and let's start!
      </p>
      <form
        class="css-1l9pyge"
      >
        <div
          class="MuiBox-root css-1y34vg3"
        >
          <div
            class="MuiBox-root css-8atqhb"
          >
            <label
              class="css-4hw5h8"
              for="email"
            >
              Email
            </label>
            <div
              class="MuiFormControl-root MuiFormControl-fullWidth MuiTextField-root  css-3cvbuz-MuiFormControl-root-MuiTextField-root"
            >
              <div
                class="MuiInputBase-root MuiOutlinedInput-root MuiInputBase-colorPrimary MuiInputBase-fullWidth MuiInputBase-formControl css-1vnk7sm-MuiInputBase-root-MuiOutlinedInput-root"
              >
                <input
                  aria-invalid="false"
                  class="MuiInputBase-input MuiOutlinedInput-input css-1t8l2tu-MuiInputBase-input-MuiOutlinedInput-input"
                  id="email"
                  name="email"
                  placeholder="example@gmail.com"
                  type="text"
                  value=""
                />
                <fieldset
                  aria-hidden="true"
                  class="MuiOutlinedInput-notchedOutline css-1d3z3hw-MuiOutlinedInput-notchedOutline"
                >
                  <legend
                    class="css-ihdtdm"
                  >
                    <span
                      class="notranslate"
                    >
                      ​
                    </span>
                  </legend>
                </fieldset>
              </div>
            </div>
          </div>
          <div
            class="MuiBox-root css-8atqhb"
          >
            <div
              class="MuiBox-root css-k008qs"
            >
              <label
                class="css-4hw5h8"
                for="password"
              >
                Password
              </label>
            </div>
            <div
              class="MuiFormControl-root MuiFormControl-fullWidth MuiTextField-root  css-3cvbuz-MuiFormControl-root-MuiTextField-root"
            >
              <div
                class="MuiInputBase-root MuiOutlinedInput-root MuiInputBase-colorPrimary MuiInputBase-fullWidth MuiInputBase-formControl MuiInputBase-adornedEnd css-1gazmot-MuiInputBase-root-MuiOutlinedInput-root"
              >
                <input
                  aria-describedby="password-helper-text"
                  aria-invalid="false"
                  class="MuiInputBase-input MuiOutlinedInput-input MuiInputBase-inputAdornedEnd css-nxo287-MuiInputBase-input-MuiOutlinedInput-input"
                  id="password"
                  name="password"
                  placeholder="᛫᛫᛫᛫᛫᛫᛫᛫᛫᛫"
                  type="password"
                  value=""
                />
                <div
                  class="MuiInputAdornment-root MuiInputAdornment-positionEnd MuiInputAdornment-outlined MuiInputAdornment-sizeMedium css-1laqsz7-MuiInputAdornment-root"
                >
                  <span
                    aria-label="Show"
                    class=""
                    data-mui-internal-clone-element="true"
                  >
                    <button
                      aria-label="toggle password visibility"
                      class="MuiButtonBase-root MuiIconButton-root MuiIconButton-edgeEnd MuiIconButton-sizeMedium css-16mjt0z-MuiButtonBase-root-MuiIconButton-root"
                      tabindex="0"
                      type="button"
                    >
                      <svg
                        aria-hidden="true"
                        class="MuiSvgIcon-root MuiSvgIcon-fontSizeMedium css-i4bv87-MuiSvgIcon-root"
                        data-testid="VisibilityOffOutlinedIcon"
                        focusable="false"
                        viewBox="0 0 24 24"
                      >
                        <path
                          d="M12 6c3.79 0 7.17 2.13 8.82 5.5-.59 1.22-1.42 2.27-2.41 3.12l1.41 1.41c1.39-1.23 2.49-2.77 3.18-4.53C21.27 7.11 17 4 12 4c-1.27 0-2.49.2-3.64.57l1.65 1.65C10.66 6.09 11.32 6 12 6m-1.07 1.14L13 9.21c.57.25 1.03.71 1.28 1.28l2.07 2.07c.08-.34.14-.7.14-1.07C16.5 9.01 14.48 7 12 7c-.37 0-.72.05-1.07.14M2.01 3.87l2.68 2.68C3.06 7.83 1.77 9.53 1 11.5 2.73 15.89 7 19 12 19c1.52 0 2.98-.29 4.32-.82l3.42 3.42 1.41-1.41L3.42 2.45zm7.5 7.5 2.61 2.61c-.04.01-.08.02-.12.02-1.38 0-2.5-1.12-2.5-2.5 0-.05.01-.08.01-.13m-3.4-3.4 1.75 1.75c-.23.55-.36 1.15-.36 1.78 0 2.48 2.02 4.5 4.5 4.5.63 0 1.23-.13 1.77-.36l.98.98c-.88.24-1.8.38-2.75.38-3.79 0-7.17-2.13-8.82-5.5.7-1.43 1.72-2.61 2.93-3.53"
                        />
                      </svg>
                      <span
                        class="MuiTouchRipple-root css-8je8zh-MuiTouchRipple-root"
                      />
                    </button>
                  </span>
                </div>
                <fieldset
                  aria-hidden="true"
                  class="MuiOutlinedInput-notchedOutline css-1d3z3hw-MuiOutlinedInput-notchedOutline"
                >
                  <legend
                    class="css-ihdtdm"
                  >
                    <span
                      class="notranslate"
                    >
                      ​
                    </span>
                  </legend>
                </fieldset>
              </div>
              <p
                class="MuiFormHelperText-root MuiFormHelperText-sizeMedium MuiFormHelperText-contained css-1cg29u5-MuiFormHelperText-root"
                id="password-helper-text"
              />
            </div>
          </div>
        </div>
        <div
          class=" MuiBox-root css-cpm7vi"
        >
          <span
            class="MuiButtonBase-root MuiCheckbox-root MuiCheckbox-colorPrimary MuiCheckbox-sizeSmall PrivateSwitchBase-root MuiCheckbox-root MuiCheckbox-colorPrimary MuiCheckbox-sizeSmall Mui-checked MuiCheckbox-root MuiCheckbox-colorPrimary MuiCheckbox-sizeSmall css-17k3tdq-MuiButtonBase-root-MuiCheckbox-root"
          >
            <input
              checked=""
              class="PrivateSwitchBase-input css-1m9pwf3"
              data-indeterminate="false"
              name="checkbox"
              type="checkbox"
              value="true"
            />
            <svg
              aria-hidden="true"
              class="MuiSvgIcon-root MuiSvgIcon-fontSizeSmall css-ptiqhd-MuiSvgIcon-root"
              data-testid="CheckBoxIcon"
              focusable="false"
              viewBox="0 0 24 24"
            >
              <path
                d="M19 3H5c-1.11 0-2 .9-2 2v14c0 1.1.89 2 2 2h14c1.11 0 2-.9 2-2V5c0-1.1-.89-2-2-2zm-9 14l-5-5 1.41-1.41L10 14.17l7.59-7.59L19 8l-9 9z"
              />
            </svg>
          </span>
          <p
            class="MuiTypography-root MuiTypography-body2 css-10k4n72-MuiTypography-root"
          >
            I have read and agree to Millennium Bank's 
            <a
              class="MuiTypography-root MuiTypography-body2 MuiLink-root MuiLink-underlineAlways css-ysipq6-MuiTypography-root-MuiLink-root"
              href="https://data.mibank2.andersenlab.dev/Terms+of+Use.pdfundefined"
              target="_blank"
            >
              Terms of Use
            </a>
             and 
            <a
              class="MuiTypography-root MuiTypography-body2 MuiLink-root MuiLink-underlineAlways css-ysipq6-MuiTypography-root-MuiLink-root"
              href="https://data.mibank2.andersenlab.dev/Privacy+Policy.pdfundefined"
              target="_blank"
            >
              Privacy Policy
            </a>
          </p>
        </div>
        <div
          class="MuiBox-root css-oxd44t"
        >
          <p
            class="MuiTypography-root MuiTypography-body1 css-ahj2mt-MuiTypography-root"
          />
          <a
            class="css-1i5rwpv"
            href="/forgot-password"
            sx="[object Object]"
          >
            Forgot password?
          </a>
        </div>
        <button
          class="MuiButtonBase-root MuiButton-root MuiButton-contained MuiButton-containedPrimary MuiButton-sizeLarge MuiButton-containedSizeLarge MuiButton-colorPrimary MuiButton-fullWidth MuiButton-root MuiButton-contained MuiButton-containedPrimary MuiButton-sizeLarge MuiButton-containedSizeLarge MuiButton-colorPrimary MuiButton-fullWidth css-1g5s688-MuiButtonBase-root-MuiButton-root"
          data-testid="save-button"
          tabindex="0"
          type="submit"
        >
          Log In
          <span
            class="MuiTouchRipple-root css-8je8zh-MuiTouchRipple-root"
          />
        </button>
      </form>
      <div
        class="MuiBox-root css-oxd44t"
      >
        <p
          class="MuiTypography-root MuiTypography-body1 css-ahj2mt-MuiTypography-root"
        >
          Don't have an account?
        </p>
        <a
          class="css-47gqvx"
          href="/signup"
          sx="[object Object]"
        >
          Sign Up
        </a>
      </div>
    </div>
  </div>
  <footer
    class="css-4mcy18"
  >
    <div
      class="MuiBox-root css-144sf9l"
      id="contact-section"
    >
      <div
        class="MuiBox-root css-bzvoy0"
      >
        <div
          class="MuiBox-root css-ybpx8d"
          data-testid="logo"
        >
          <span
            aria-hidden="true"
            class="material-icons notranslate MuiIcon-root MuiIcon-fontSizeMedium css-1ygk0ui-MuiIcon-root"
          >
            <svg
              height="100%"
              width="100%"
            >
              Logo.svg
            </svg>
          </span>
          <p
            class="MuiTypography-root MuiTypography-body1 css-1oq6dw0-MuiTypography-root"
          >
            Millennium Bank
          </p>
        </div>
      </div>
      <div
        class="MuiBox-root css-1p16v3r"
      >
        <div
          class="MuiBox-root css-1gj1vea"
        >
          <p
            class="MuiTypography-root MuiTypography-body2 css-1wy5iz8-MuiTypography-root"
          >
            Download the app:
          </p>
          <div
            class="MuiBox-root css-19n5j0m"
          >
            <div
              class="MuiBox-root css-0"
            >
              <a
                href="https://play.google.com/store/apps"
                rel="noopener noreferrer"
                target="_blank"
              >
                <svg
                  data-testid="google-play-icon"
                  height="52"
                  width="180"
                >
                  GooglePlay.svg
                </svg>
              </a>
            </div>
            <div
              class="MuiBox-root css-0"
            >
              <a
                href="https://www.apple.com/app-store/"
                rel="noopener noreferrer"
                target="_blank"
              >
                <svg
                  data-testid="app-store-icon"
                  height="52"
                  width="180"
                >
                  AppStore.svg
                </svg>
              </a>
            </div>
          </div>
        </div>
        <div
          class="MuiBox-root css-0"
        >
          <p
            class="MuiTypography-root MuiTypography-body2 css-1wy5iz8-MuiTypography-root"
          >
            Our contacts:
          </p>
          <a
            class="MuiTypography-root MuiTypography-inherit MuiLink-root MuiLink-underlineAlways css-nvejw5-MuiTypography-root-MuiLink-root"
            href="tel:undefined"
          >
            <p
              class="MuiTypography-root MuiTypography-body2 css-1q3dlv1-MuiTypography-root"
            />
          </a>
          <a
            class="MuiTypography-root MuiTypography-inherit MuiLink-root MuiLink-underlineAlways css-b1ryd5-MuiTypography-root-MuiLink-root"
            href="mailto:"
          >
            <p
              class="MuiTypography-root MuiTypography-body2 css-1q3dlv1-MuiTypography-root"
            />
          </a>
        </div>
        <div
          class="MuiBox-root css-0"
        >
          <p
            class="MuiTypography-root MuiTypography-body2 css-1wy5iz8-MuiTypography-root"
          >
            Contact center working hours:
          </p>
          <div
            class="MuiBox-root css-1kkt86i"
          >
            <p
              class="MuiTypography-root MuiTypography-body2 css-g9qh48-MuiTypography-root"
            >
                - 
            </p>
            <p
              class="MuiTypography-root MuiTypography-body2 css-g9qh48-MuiTypography-root"
            >
              :  - 
            </p>
          </div>
        </div>
      </div>
    </div>
    <div
      class="MuiBox-root css-1ikuhl4"
    >
      <div
        class="MuiBox-root css-16x69kk"
      >
        <div
          class="MuiBox-root css-1utx3w7"
        >
          <a
            class="MuiTypography-root MuiTypography-body2 MuiLink-root MuiLink-underlineHover css-9smqfy-MuiTypography-root-MuiLink-root"
            href="https://data.mibank2.andersenlab.dev/Terms+of+Use.pdfundefined"
            target="_blank"
          >
            Terms of Use
          </a>
          <p
            class="MuiTypography-root MuiTypography-body2 css-e784if-MuiTypography-root"
          >
            and
          </p>
          <a
            class="MuiTypography-root MuiTypography-body2 MuiLink-root MuiLink-underlineHover css-9smqfy-MuiTypography-root-MuiLink-root"
            href="https://data.mibank2.andersenlab.dev/Privacy+Policy.pdfundefined"
            target="_blank"
          >
            Privacy Policy
          </a>
        </div>
      </div>
      <div
        class="MuiBox-root css-14ysq7g"
      >
        <p
          class="MuiTypography-root MuiTypography-body2 css-e784if-MuiTypography-root"
        >
          Millennium Bank © 2024. All rights reserved.
        </p>
      </div>
    </div>
  </footer>
</DocumentFragment>
`;
