// Jest Snapshot v1, https://goo.gl/fbAQLP

exports[`BackOfficeErrorLayout matches snapshot 1`] = `
<div>
  <div
    class="MuiBox-root css-sje80f"
  >
    <div
      class="MuiBox-root css-lwpydm"
    >
      <div
        aria-labelledby=":r1:"
        class="MuiBox-root css-ybpx8d"
        data-testid="logo"
        role="img"
      >
        <span
          aria-hidden="true"
          class="material-icons notranslate MuiIcon-root MuiIcon-fontSizeMedium css-1ygk0ui-MuiIcon-root"
        >
          <svg
            aria-hidden="true"
            aria-label="label.svgLogo"
            role="img"
            style="width: 100%; height: 100%;"
          >
            LogoWhite.svg
          </svg>
        </span>
        <p
          class="MuiTypography-root MuiTypography-body1 css-yqevd0-MuiTypography-root"
          id=":r1:"
        >
          logoTitle
        </p>
      </div>
    </div>
    <div
      class="MuiBox-root css-i1zxs9"
    >
      <p
        class="MuiTypography-root MuiTypography-body1 css-4818ec-MuiTypography-root"
      >
        serviceUnavailable
      </p>
      <p
        class="MuiTypography-root MuiTypography-body1 css-1xv9qfa-MuiTypography-root"
      >
        refresh
      </p>
      <svg
        aria-hidden="true"
        aria-label="label.reload"
        class="MuiSvgIcon-root MuiSvgIcon-fontSizeMedium css-mimmgx-MuiSvgIcon-root"
        data-testid="reload-button"
        focusable="false"
        role="button"
        viewBox="0 0 24 24"
      >
        <svg>
          Reload.svg
        </svg>
      </svg>
    </div>
  </div>
</div>
`;
