// Jest Snapshot v1, https://goo.gl/fbAQLP

exports[`renders BackOfficeViewEmployees correctly 1`] = `
<div>
  <div
    class="MuiBox-root css-kgct6v"
  >
    <div
      class="MuiBox-root css-69i1ev"
    >
      <div
        class="MuiBox-root css-1821gv5"
      >
        <h1>
          Employees List
        </h1>
        <h2>
          Employee Information
        </h2>
      </div>
      <div
        class="MuiBox-root css-0"
      >
        <button
          class="MuiButtonBase-root MuiButton-root MuiButton-contained MuiButton-containedPrimary MuiButton-sizeLarge MuiButton-containedSizeLarge MuiButton-colorPrimary MuiButton-fullWidth MuiButton-root MuiButton-contained MuiButton-containedPrimary MuiButton-sizeLarge MuiButton-containedSizeLarge MuiButton-colorPrimary MuiButton-fullWidth css-1llcp5k-MuiButtonBase-root-MuiButton-root"
          tabindex="0"
          type="submit"
        >
          <span
            class="MuiButton-icon MuiButton-startIcon MuiButton-iconSizeLarge css-htszrh-MuiButton-startIcon"
          >
            <svg
              aria-hidden="true"
              class="MuiSvgIcon-root MuiSvgIcon-fontSizeMedium css-i4bv87-MuiSvgIcon-root"
              focusable="false"
              viewBox="0 0 15 16"
            >
              <svg>
                ButtonPlusIcon.svg
              </svg>
            </svg>
          </span>
          Add Employee
          <span
            class="MuiTouchRipple-root css-8je8zh-MuiTouchRipple-root"
          />
        </button>
      </div>
    </div>
    <div
      class="MuiBox-root css-zfu7na"
    >
      <div
        class="MuiBox-root css-10ug5gj"
      >
        <div
          class="MuiFormControl-root MuiFormControl-fullWidth MuiTextField-root css-116knv-MuiFormControl-root-MuiTextField-root"
        >
          <div
            class="MuiInputBase-root MuiOutlinedInput-root MuiInputBase-colorPrimary MuiInputBase-fullWidth MuiInputBase-formControl MuiInputBase-adornedStart css-8j6b76-MuiInputBase-root-MuiOutlinedInput-root"
          >
            <svg
              aria-hidden="true"
              class="MuiSvgIcon-root MuiSvgIcon-fontSizeMedium css-i4bv87-MuiSvgIcon-root"
              data-testid="SearchIcon"
              focusable="false"
              style="margin-right: 8px;"
              viewBox="0 0 24 24"
            >
              <path
                d="M15.5 14h-.79l-.28-.27C15.41 12.59 16 11.11 16 9.5 16 5.91 13.09 3 9.5 3S3 5.91 3 9.5 5.91 16 9.5 16c1.61 0 3.09-.59 4.23-1.57l.27.28v.79l5 4.99L20.49 19zm-6 0C7.01 14 5 11.99 5 9.5S7.01 5 9.5 5 14 7.01 14 9.5 11.99 14 9.5 14"
              />
            </svg>
            <input
              aria-invalid="false"
              class="MuiInputBase-input MuiOutlinedInput-input MuiInputBase-inputAdornedStart css-1o9s3wi-MuiInputBase-input-MuiOutlinedInput-input"
              id="searchEmployee"
              name="searchEmployee"
              placeholder="Search for employees"
              type="text"
              value=""
            />
            <fieldset
              aria-hidden="true"
              class="MuiOutlinedInput-notchedOutline css-1d3z3hw-MuiOutlinedInput-notchedOutline"
            >
              <legend
                class="css-ihdtdm"
              >
                <span
                  class="notranslate"
                >
                  ​
                </span>
              </legend>
            </fieldset>
          </div>
        </div>
      </div>
    </div>
    <div
      class="MuiTableContainer-root css-x226ax-MuiTableContainer-root"
    >
      <table
        class="MuiTable-root css-rqglhn-MuiTable-root"
      >
        <thead
          class="MuiTableHead-root css-kgizm6-MuiTableHead-root"
        >
          <tr
            class="MuiTableRow-root MuiTableRow-head css-1q1u3t4-MuiTableRow-root"
          >
            <th
              class="MuiTableCell-root MuiTableCell-head MuiTableCell-sizeMedium css-sqchu1-MuiTableCell-root"
              scope="col"
            >
              <div
                class="MuiBox-root css-vvn7zl"
              >
                <p
                  class="MuiTypography-root MuiTypography-body1 css-16bvtzy-MuiTypography-root"
                >
                  First Name
                </p>
              </div>
            </th>
            <th
              class="MuiTableCell-root MuiTableCell-head MuiTableCell-sizeMedium css-sqchu1-MuiTableCell-root"
              scope="col"
            >
              <div
                class="MuiBox-root css-vvn7zl"
              >
                <p
                  class="MuiTypography-root MuiTypography-body1 css-16bvtzy-MuiTypography-root"
                >
                  Last Name
                </p>
              </div>
            </th>
            <th
              class="MuiTableCell-root MuiTableCell-head MuiTableCell-sizeMedium css-sqchu1-MuiTableCell-root"
              scope="col"
            >
              <div
                class="MuiBox-root css-vvn7zl"
              >
                <p
                  class="MuiTypography-root MuiTypography-body1 css-16bvtzy-MuiTypography-root"
                >
                  Role
                </p>
              </div>
            </th>
            <th
              class="MuiTableCell-root MuiTableCell-head MuiTableCell-sizeMedium css-sqchu1-MuiTableCell-root"
              scope="col"
            >
              <div
                class="MuiBox-root css-vvn7zl"
              >
                <p
                  class="MuiTypography-root MuiTypography-body1 css-16bvtzy-MuiTypography-root"
                >
                  Email
                </p>
              </div>
            </th>
            <th
              class="MuiTableCell-root MuiTableCell-head MuiTableCell-sizeMedium css-sqchu1-MuiTableCell-root"
              scope="col"
            >
              <div
                class="MuiBox-root css-vvn7zl"
              >
                <p
                  class="MuiTypography-root MuiTypography-body1 css-16bvtzy-MuiTypography-root"
                >
                  Date Added
                </p>
              </div>
            </th>
            <th
              class="MuiTableCell-root MuiTableCell-head MuiTableCell-sizeMedium css-sqchu1-MuiTableCell-root"
              scope="col"
            />
          </tr>
        </thead>
        <tbody
          class="MuiTableBody-root css-apqrd9-MuiTableBody-root"
        >
          <tr
            class="MuiTableRow-root css-1iw7pp4-MuiTableRow-root"
            data-testid="table-row"
          >
            <td
              class="MuiTableCell-root MuiTableCell-body MuiTableCell-sizeMedium css-1rx8l8b-MuiTableCell-root"
            >
              John
            </td>
            <td
              class="MuiTableCell-root MuiTableCell-body MuiTableCell-sizeMedium css-1rx8l8b-MuiTableCell-root"
            >
              Doe
            </td>
            <td
              class="MuiTableCell-root MuiTableCell-body MuiTableCell-sizeMedium css-1rx8l8b-MuiTableCell-root"
            >
              Admin
            </td>
            <td
              class="MuiTableCell-root MuiTableCell-body MuiTableCell-sizeMedium css-1rx8l8b-MuiTableCell-root"
            >
              john.doe@example.com
            </td>
            <td
              class="MuiTableCell-root MuiTableCell-body MuiTableCell-sizeMedium css-1rx8l8b-MuiTableCell-root"
            >
              2024-04-01
            </td>
            <td
              class="MuiTableCell-root MuiTableCell-body MuiTableCell-sizeMedium css-1rx8l8b-MuiTableCell-root"
            >
              <div
                class="MuiBox-root css-1i27l4i"
              >
                <button
                  class="MuiButtonBase-root MuiButton-root MuiButton-text MuiButton-textPrimary MuiButton-sizeMedium MuiButton-textSizeMedium MuiButton-colorPrimary MuiButton-root MuiButton-text MuiButton-textPrimary MuiButton-sizeMedium MuiButton-textSizeMedium MuiButton-colorPrimary css-1392aty-MuiButtonBase-root-MuiButton-root"
                  tabindex="0"
                  type="button"
                >
                  <svg
                    aria-hidden="true"
                    class="MuiSvgIcon-root MuiSvgIcon-fontSizeMedium css-1q69bqw-MuiSvgIcon-root"
                    focusable="false"
                    viewBox="0 0 12 12"
                  >
                    <svg>
                      EditIcon.svg
                    </svg>
                  </svg>
                  Edit
                  <span
                    class="MuiTouchRipple-root css-8je8zh-MuiTouchRipple-root"
                  />
                </button>
                <button
                  class="MuiButtonBase-root MuiButton-root MuiButton-text MuiButton-textPrimary MuiButton-sizeMedium MuiButton-textSizeMedium MuiButton-colorPrimary MuiButton-root MuiButton-text MuiButton-textPrimary MuiButton-sizeMedium MuiButton-textSizeMedium MuiButton-colorPrimary css-16wp21h-MuiButtonBase-root-MuiButton-root"
                  tabindex="0"
                  type="button"
                >
                  <svg
                    aria-hidden="true"
                    class="MuiSvgIcon-root MuiSvgIcon-fontSizeMedium css-xd6d0k-MuiSvgIcon-root"
                    focusable="false"
                    viewBox="0 0 12 12"
                  >
                    <svg>
                      TrashIcon.svg
                    </svg>
                  </svg>
                  Delete
                  <span
                    class="MuiTouchRipple-root css-8je8zh-MuiTouchRipple-root"
                  />
                </button>
              </div>
            </td>
          </tr>
        </tbody>
      </table>
      <div
        class="MuiBox-root css-tj50lq"
      >
        <div
          class="MuiBox-root css-axw7ok"
        >
          <p
            class="MuiTypography-root MuiTypography-body1 css-6kkdj7-MuiTypography-root"
          >
            Items per page
          </p>
          <div
            class="MuiInputBase-root MuiOutlinedInput-root MuiInputBase-colorPrimary MuiInputBase-sizeSmall css-ntsdmc-MuiInputBase-root-MuiOutlinedInput-root-MuiSelect-root"
          >
            <div
              aria-controls=":r1:"
              aria-expanded="false"
              aria-haspopup="listbox"
              class="MuiSelect-select MuiSelect-outlined MuiInputBase-input MuiOutlinedInput-input MuiInputBase-inputSizeSmall css-jedpe8-MuiSelect-select-MuiInputBase-input-MuiOutlinedInput-input"
              role="combobox"
              tabindex="0"
            >
              <p
                class="MuiTypography-root MuiTypography-body1 css-6kkdj7-MuiTypography-root"
              >
                10
              </p>
            </div>
            <input
              aria-hidden="true"
              aria-invalid="false"
              class="MuiSelect-nativeInput css-yf8vq0-MuiSelect-nativeInput"
              tabindex="-1"
              value="10"
            />
            <svg
              aria-hidden="true"
              class="MuiSvgIcon-root MuiSvgIcon-fontSizeMedium MuiSelect-icon MuiSelect-iconOutlined css-hfutr2-MuiSvgIcon-root-MuiSelect-icon"
              data-testid="ArrowDropDownIcon"
              focusable="false"
              viewBox="0 0 24 24"
            >
              <path
                d="M7 10l5 5 5-5z"
              />
            </svg>
            <fieldset
              aria-hidden="true"
              class="MuiOutlinedInput-notchedOutline css-1d3z3hw-MuiOutlinedInput-notchedOutline"
            >
              <legend
                class="css-ihdtdm"
              >
                <span
                  class="notranslate"
                >
                  ​
                </span>
              </legend>
            </fieldset>
          </div>
          <p
            class="MuiTypography-root MuiTypography-body1 css-6kkdj7-MuiTypography-root"
          >
            1
             - 
            0
             
            of 
            0
             items
          </p>
        </div>
        <div
          class="MuiBox-root css-k5rr6j"
        >
          <div
            class="MuiBox-root css-70qvj9"
          >
            <button
              class="MuiButtonBase-root Mui-disabled MuiIconButton-root Mui-disabled MuiIconButton-sizeMedium css-78trlr-MuiButtonBase-root-MuiIconButton-root"
              disabled=""
              tabindex="-1"
              type="button"
            >
              <svg
                aria-hidden="true"
                class="MuiSvgIcon-root MuiSvgIcon-fontSizeMedium css-utp5fs-MuiSvgIcon-root"
                focusable="false"
                viewBox="0 0 16 20"
              >
                <svg>
                  LeftArrowEnd.svg
                </svg>
              </svg>
            </button>
            <button
              class="MuiButtonBase-root Mui-disabled MuiIconButton-root Mui-disabled MuiIconButton-sizeMedium css-78trlr-MuiButtonBase-root-MuiIconButton-root"
              disabled=""
              tabindex="-1"
              type="button"
            >
              <svg
                aria-hidden="true"
                class="MuiSvgIcon-root MuiSvgIcon-fontSizeMedium css-utp5fs-MuiSvgIcon-root"
                focusable="false"
                viewBox="0 0 12 20"
              >
                <svg>
                  LeftArrow.svg
                </svg>
              </svg>
            </button>
            <p
              class="MuiTypography-root MuiTypography-body1 css-1vinusq-MuiTypography-root"
            >
              Previous
            </p>
          </div>
          <div
            class="MuiBox-root css-axw7ok"
          >
            <div
              class="MuiBox-root css-v3ih39"
            >
              <p
                class="MuiTypography-root MuiTypography-body1 css-6kkdj7-MuiTypography-root"
              >
                1
              </p>
            </div>
            <p
              class="MuiTypography-root MuiTypography-body1 css-6kkdj7-MuiTypography-root"
            >
              of 
              0
            </p>
          </div>
          <div
            class="MuiBox-root css-70qvj9"
          >
            <p
              class="MuiTypography-root MuiTypography-body1 css-nb8uog-MuiTypography-root"
            >
              Next
            </p>
            <button
              class="MuiButtonBase-root Mui-disabled MuiIconButton-root Mui-disabled MuiIconButton-sizeMedium css-78trlr-MuiButtonBase-root-MuiIconButton-root"
              disabled=""
              tabindex="-1"
              type="button"
            >
              <svg
                aria-hidden="true"
                class="MuiSvgIcon-root MuiSvgIcon-fontSizeMedium css-1io3t8g-MuiSvgIcon-root"
                focusable="false"
                viewBox="0 0 12 20"
              >
                <svg>
                  RightArrow.svg
                </svg>
              </svg>
            </button>
            <button
              class="MuiButtonBase-root Mui-disabled MuiIconButton-root Mui-disabled MuiIconButton-sizeMedium css-78trlr-MuiButtonBase-root-MuiIconButton-root"
              disabled=""
              tabindex="-1"
              type="button"
            >
              <svg
                aria-hidden="true"
                class="MuiSvgIcon-root MuiSvgIcon-fontSizeMedium css-1io3t8g-MuiSvgIcon-root"
                focusable="false"
                viewBox="0 0 24 24"
              >
                <svg>
                  RightArrowEnd.svg
                </svg>
              </svg>
            </button>
          </div>
        </div>
      </div>
    </div>
    <div
      class="MuiBox-root css-165xhxi"
    >
      <div
        class="MuiBox-root css-6lzzp6"
      >
        <div
          class="MuiBox-root css-vsj3pz"
        >
          <svg
            aria-hidden="true"
            class="MuiSvgIcon-root MuiSvgIcon-fontSizeMedium css-i4bv87-MuiSvgIcon-root"
            focusable="false"
            viewBox="0 0 20 20"
          >
            <svg>
              BackOfficeWarningIcon.svg
            </svg>
          </svg>
        </div>
        <div
          class="MuiBox-root css-1821gv5"
        >
          <p
            class="MuiTypography-root MuiTypography-body1 css-vxz123-MuiTypography-root"
          >
            Delete Employee
          </p>
          <p
            class="MuiTypography-root MuiTypography-body1 css-enn6w2-MuiTypography-root"
          >
            Deletion is irreversible. Are you sure you want to delete {{firstName}} {{lastName}}?
            <p
              class="MuiTypography-root MuiTypography-body1 css-108vkqb-MuiTypography-root"
            >
              “
              John
               
              Doe
              ”?
            </p>
          </p>
        </div>
      </div>
      <div
        class="MuiBox-root css-ch27pp"
      >
        <button
          class="MuiButtonBase-root MuiButton-root MuiButton-outlined MuiButton-outlinedPrimary MuiButton-sizeMedium MuiButton-outlinedSizeMedium MuiButton-colorPrimary MuiButton-root MuiButton-outlined MuiButton-outlinedPrimary MuiButton-sizeMedium MuiButton-outlinedSizeMedium MuiButton-colorPrimary css-1rwt2y5-MuiButtonBase-root-MuiButton-root"
          tabindex="0"
          type="button"
        >
          Cancel
          <span
            class="MuiTouchRipple-root css-8je8zh-MuiTouchRipple-root"
          />
        </button>
        <button
          class="MuiButtonBase-root MuiButton-root MuiButton-contained MuiButton-containedError MuiButton-sizeMedium MuiButton-containedSizeMedium MuiButton-colorError MuiButton-root MuiButton-contained MuiButton-containedError MuiButton-sizeMedium MuiButton-containedSizeMedium MuiButton-colorError css-1sszw6i-MuiButtonBase-root-MuiButton-root"
          tabindex="0"
          type="button"
        >
          ConfirmationWindow.deleteBtn
          <span
            class="MuiTouchRipple-root css-8je8zh-MuiTouchRipple-root"
          />
        </button>
      </div>
    </div>
  </div>
</div>
`;
