// Jest Snapshot v1, https://goo.gl/fbAQLP

exports[`CurrencyCalculator CurrencyCalculator snapshot 1`] = `
<div>
  <div
    class="MuiBox-root css-0"
  >
    <p
      class="MuiTypography-root MuiTypography-body1 css-zaqx05-MuiTypography-root"
    >
      title
    </p>
    <div
      class="MuiBox-root css-1sv6umq"
    >
      <div
        class="MuiBox-root css-1e6l27x"
      >
        <p
          class="MuiTypography-root MuiTypography-body1 css-1i2tn7e-MuiTypography-root"
        >
          give
        </p>
        <div
          class="MuiBox-root css-161lh0b"
        >
          <div
            class="MuiInputBase-root MuiOutlinedInput-root MuiInputBase-colorPrimary  css-151t58t-MuiInputBase-root-MuiOutlinedInput-root-MuiSelect-root"
          >
            <div
              aria-controls=":r0:"
              aria-expanded="false"
              aria-haspopup="listbox"
              class="MuiSelect-select MuiSelect-outlined MuiInputBase-input MuiOutlinedInput-input css-zbhh1g-MuiSelect-select-MuiInputBase-input-MuiOutlinedInput-input"
              role="combobox"
              tabindex="0"
            >
              <div
                class="MuiBox-root css-axw7ok"
              >
                <svg
                  data-testid="currency-flag-icon"
                >
                  EurFlag.svg
                </svg>
                <span
                  class="MuiTypography-root MuiTypography-body1 css-eflgtu-MuiTypography-root"
                >
                  EUR
                </span>
              </div>
            </div>
            <input
              aria-hidden="true"
              aria-invalid="false"
              class="MuiSelect-nativeInput css-yf8vq0-MuiSelect-nativeInput"
              tabindex="-1"
              value="EUR"
            />
            <svg
              aria-hidden="true"
              class="MuiSvgIcon-root MuiSvgIcon-fontSizeMedium MuiSelect-icon MuiSelect-iconOutlined css-1cfjwb3-MuiSvgIcon-root-MuiSelect-icon"
              data-testid="KeyboardArrowDownIcon"
              focusable="false"
              viewBox="0 0 24 24"
            >
              <path
                d="M7.41 8.59 12 13.17l4.59-4.58L18 10l-6 6-6-6z"
              />
            </svg>
            <fieldset
              aria-hidden="true"
              class="MuiOutlinedInput-notchedOutline css-1d3z3hw-MuiOutlinedInput-notchedOutline"
            >
              <legend
                class="css-ihdtdm"
              >
                <span
                  class="notranslate"
                >
                  ​
                </span>
              </legend>
            </fieldset>
          </div>
          <div
            class="MuiFormControl-root MuiTextField-root css-11saer6-MuiFormControl-root-MuiTextField-root"
          >
            <div
              class="MuiInputBase-root MuiOutlinedInput-root MuiInputBase-colorPrimary MuiInputBase-formControl MuiInputBase-sizeSmall css-1h3f77n-MuiInputBase-root-MuiOutlinedInput-root"
            >
              <input
                aria-invalid="false"
                class="MuiInputBase-input MuiOutlinedInput-input MuiInputBase-inputSizeSmall css-14iqq93-MuiInputBase-input-MuiOutlinedInput-input"
                id=":r1:"
                inputmode="numeric"
                type="text"
                value=""
              />
              <fieldset
                aria-hidden="true"
                class="MuiOutlinedInput-notchedOutline css-1d3z3hw-MuiOutlinedInput-notchedOutline"
              >
                <legend
                  class="css-ihdtdm"
                >
                  <span
                    class="notranslate"
                  >
                    ​
                  </span>
                </legend>
              </fieldset>
            </div>
          </div>
        </div>
      </div>
      <button
        class="MuiButtonBase-root MuiIconButton-root MuiIconButton-sizeMedium css-1bpf0au-MuiButtonBase-root-MuiIconButton-root"
        data-testid="swap-button"
        tabindex="0"
        type="button"
      >
        <svg
          aria-hidden="true"
          class="MuiSvgIcon-root MuiSvgIcon-fontSizeMedium css-i4bv87-MuiSvgIcon-root"
          data-testid="SwapVertIcon"
          focusable="false"
          viewBox="0 0 24 24"
        >
          <path
            d="M16 17.01V10h-2v7.01h-3L15 21l4-3.99zM9 3 5 6.99h3V14h2V6.99h3z"
          />
        </svg>
        <span
          class="MuiTouchRipple-root css-8je8zh-MuiTouchRipple-root"
        />
      </button>
      <div
        class="MuiBox-root css-1e6l27x"
      >
        <p
          class="MuiTypography-root MuiTypography-body1 css-1i2tn7e-MuiTypography-root"
        >
          get
        </p>
        <div
          class="MuiBox-root css-161lh0b"
        >
          <div
            class="MuiInputBase-root MuiOutlinedInput-root MuiInputBase-colorPrimary  css-151t58t-MuiInputBase-root-MuiOutlinedInput-root-MuiSelect-root"
          >
            <div
              aria-controls=":r2:"
              aria-expanded="false"
              aria-haspopup="listbox"
              class="MuiSelect-select MuiSelect-outlined MuiInputBase-input MuiOutlinedInput-input css-zbhh1g-MuiSelect-select-MuiInputBase-input-MuiOutlinedInput-input"
              role="combobox"
              tabindex="0"
            >
              <div
                class="MuiBox-root css-axw7ok"
              >
                <svg
                  data-testid="currency-flag-icon"
                >
                  PlnFlag.svg
                </svg>
                <span
                  class="MuiTypography-root MuiTypography-body1 css-eflgtu-MuiTypography-root"
                >
                  PLN
                </span>
              </div>
            </div>
            <input
              aria-hidden="true"
              aria-invalid="false"
              class="MuiSelect-nativeInput css-yf8vq0-MuiSelect-nativeInput"
              tabindex="-1"
              value="PLN"
            />
            <svg
              aria-hidden="true"
              class="MuiSvgIcon-root MuiSvgIcon-fontSizeMedium MuiSelect-icon MuiSelect-iconOutlined css-1cfjwb3-MuiSvgIcon-root-MuiSelect-icon"
              data-testid="KeyboardArrowDownIcon"
              focusable="false"
              viewBox="0 0 24 24"
            >
              <path
                d="M7.41 8.59 12 13.17l4.59-4.58L18 10l-6 6-6-6z"
              />
            </svg>
            <fieldset
              aria-hidden="true"
              class="MuiOutlinedInput-notchedOutline css-1d3z3hw-MuiOutlinedInput-notchedOutline"
            >
              <legend
                class="css-ihdtdm"
              >
                <span
                  class="notranslate"
                >
                  ​
                </span>
              </legend>
            </fieldset>
          </div>
          <div
            class="MuiFormControl-root MuiTextField-root css-11saer6-MuiFormControl-root-MuiTextField-root"
          >
            <div
              class="MuiInputBase-root MuiOutlinedInput-root MuiInputBase-colorPrimary MuiInputBase-formControl MuiInputBase-sizeSmall css-1h3f77n-MuiInputBase-root-MuiOutlinedInput-root"
            >
              <input
                aria-invalid="false"
                class="MuiInputBase-input MuiOutlinedInput-input MuiInputBase-inputSizeSmall css-14iqq93-MuiInputBase-input-MuiOutlinedInput-input"
                id=":r3:"
                inputmode="numeric"
                type="text"
                value=""
              />
              <fieldset
                aria-hidden="true"
                class="MuiOutlinedInput-notchedOutline css-1d3z3hw-MuiOutlinedInput-notchedOutline"
              >
                <legend
                  class="css-ihdtdm"
                >
                  <span
                    class="notranslate"
                  >
                    ​
                  </span>
                </legend>
              </fieldset>
            </div>
          </div>
        </div>
      </div>
    </div>
    <p
      class="MuiTypography-root MuiTypography-body1 css-1y3y274-MuiTypography-root"
    >
      rate
      : 1 
      EUR
       =
       
      1.1628
       
      PLN
    </p>
  </div>
</div>
`;
