// Jest Snapshot v1, https://goo.gl/fbAQLP

exports[`MyCards matches snapshot 1`] = `
<div>
  <div
    class="MuiBox-root css-1cyyjrn"
  >
    <div>
      <div
        data-testid="carousel"
      >
        Carousel index 
        0
      </div>
      <div
        class="MuiBox-root css-1mv69se"
      >
        <div
          data-testid="user-bank-card"
        >
          UserBankCard 
          1234
        </div>
      </div>
      <div
        class="MuiBox-root css-1mv69se"
      >
        <div
          data-testid="user-bank-card"
        >
          UserBankCard 
          5678
        </div>
      </div>
      <button>
        Change to card 1
      </button>
    </div>
    <div
      data-testid="static-stack"
    >
      Static Stack
    </div>
  </div>
  <div
    data-testid="card-details"
  >
    Card Details: 
    1234
  </div>
</div>
`;
